Copyright 1986-2022 Xilinx, Inc. All Rights Reserved. Copyright 2022-2023 Advanced Micro Devices, Inc. All Rights Reserved.
-------------------------------------------------------------------------------------------------------------------------------------------------
| Tool Version     : Vivado v.2023.2 (win64) Build 4029153 Fri Oct 13 20:14:34 MDT 2023
| Date             : Sat Sep 12 00:18:40 2026
| Host             : dkeL running 64-bit major release  (build 9200)
| Command          : report_power -file ./design_evidence/power_summary.rpt
| Design           : v3_release_wrapper
| Device           : xczu7ev-ffvc1156-2-e
| Design State     : routed
| Grade            : extended
| Process          : typical
| Characterization : Production
-------------------------------------------------------------------------------------------------------------------------------------------------

Power Report

Table of Contents
-----------------
1. Summary
1.1 On-Chip Components
1.2 Power Supply Summary
1.3 Confidence Level
2. Settings
2.1 Environment
2.2 Clock Constraints
3. Detailed Reports
3.1 By Hierarchy

1. Summary
----------

+--------------------------+--------------+
| Total On-Chip Power (W)  | 5.240        |
| Design Power Budget (W)  | Unspecified* |
| Power Budget Margin (W)  | NA           |
| Dynamic (W)              | 4.495        |
| Device Static (W)        | 0.745        |
| Effective TJA (C/W)      | 1.0          |
| Max Ambient (C)          | 94.9         |
| Junction Temperature (C) | 30.1         |
| Confidence Level         | Medium       |
| Setting File             | ---          |
| Simulation Activity File | ---          |
| Design Nets Matched      | NA           |
+--------------------------+--------------+
* Specify Design Power Budget using, set_operating_conditions -design_power_budget <value in Watts>


1.1 On-Chip Components
----------------------

+--------------------------+-----------+----------+-----------+-----------------+
| On-Chip                  | Power (W) | Used     | Available | Utilization (%) |
+--------------------------+-----------+----------+-----------+-----------------+
| Clocks                   |     0.319 |       22 |       --- |             --- |
| CLB Logic                |     0.144 |   106458 |       --- |             --- |
|   LUT as Logic           |     0.111 |    45497 |    230400 |           19.75 |
|   LUT as Shift Register  |     0.015 |     2482 |    101760 |            2.44 |
|   Register               |     0.011 |    49874 |    460800 |           10.82 |
|   LUT as Distributed RAM |     0.004 |      450 |    101760 |            0.44 |
|   CARRY8                 |     0.003 |      952 |     28800 |            3.31 |
|   BUFG                   |    <0.001 |        3 |        64 |            4.69 |
|   Others                 |     0.000 |      965 |       --- |             --- |
|   F7/F8 Muxes            |     0.000 |     4455 |    230400 |            1.93 |
| Signals                  |     0.234 |    83985 |       --- |             --- |
| Block RAM                |     0.347 |     51.5 |       312 |           16.51 |
| URAM                     |     0.093 |       24 |        96 |           25.00 |
| MMCM                     |     0.194 |        0 |       --- |             --- |
| I/O                      |     0.008 |        4 |       360 |            1.11 |
| GTH                      |     0.491 |        2 |        20 |           10.00 |
| PS8                      |     2.664 |        1 |       --- |             --- |
| Static Power             |     0.745 |          |           |                 |
|   PS Static              |     0.101 |          |           |                 |
|   PL Static              |     0.645 |          |           |                 |
| Total                    |     5.240 |          |           |                 |
+--------------------------+-----------+----------+-----------+-----------------+


1.2 Power Supply Summary
------------------------

+-----------------+-------------+-----------+-------------+------------+-------------+-------------+------------+
| Source          | Voltage (V) | Total (A) | Dynamic (A) | Static (A) | Powerup (A) | Budget (A)  | Margin (A) |
+-----------------+-------------+-----------+-------------+------------+-------------+-------------+------------+
| Vccint          |       0.850 |     1.542 |       1.377 |      0.165 |       NA    | Unspecified | NA         |
| Vccint_io       |       0.850 |     0.073 |       0.001 |      0.071 |       NA    | Unspecified | NA         |
| Vccbram         |       0.850 |     0.052 |       0.050 |      0.003 |       NA    | Unspecified | NA         |
| Vccaux          |       1.800 |     0.254 |       0.108 |      0.147 |       NA    | Unspecified | NA         |
| Vccaux_io       |       1.800 |     0.059 |       0.004 |      0.055 |       NA    | Unspecified | NA         |
| Vcco33          |       3.300 |     0.000 |       0.000 |      0.000 |       NA    | Unspecified | NA         |
| Vcco25          |       2.500 |     0.000 |       0.000 |      0.000 |       NA    | Unspecified | NA         |
| Vcco18          |       1.800 |     0.000 |       0.000 |      0.000 |       NA    | Unspecified | NA         |
| Vcco15          |       1.500 |     0.000 |       0.000 |      0.000 |       NA    | Unspecified | NA         |
| Vcco135         |       1.350 |     0.000 |       0.000 |      0.000 |       NA    | Unspecified | NA         |
| Vcco12          |       1.200 |     0.000 |       0.000 |      0.000 |       NA    | Unspecified | NA         |
| Vcco10          |       1.000 |     0.000 |       0.000 |      0.000 |       NA    | Unspecified | NA         |
| Vccadc          |       1.800 |     0.008 |       0.000 |      0.008 |       NA    | Unspecified | NA         |
| VCC_PSINTFP     |       0.850 |     1.054 |       1.017 |      0.036 |       NA    | Unspecified | NA         |
| VCC_PSINTLP     |       0.850 |     0.255 |       0.247 |      0.007 |       NA    | Unspecified | NA         |
| VPS_MGTRAVCC    |       0.850 |     0.139 |       0.138 |      0.001 |       NA    | Unspecified | NA         |
| VCC_PSINTFP_DDR |       0.850 |     0.730 |       0.725 |      0.005 |       NA    | Unspecified | NA         |
| VCC_PSPLL       |       1.200 |     0.071 |       0.069 |      0.002 |       NA    | Unspecified | NA         |
| VPS_MGTRAVTT    |       1.800 |     0.034 |       0.033 |      0.001 |       NA    | Unspecified | NA         |
| VCCO_PSDDR_504  |       1.200 |     0.626 |       0.592 |      0.034 |       NA    | Unspecified | NA         |
| VCC_PSAUX       |       1.800 |     0.002 |       0.000 |      0.002 |       NA    | Unspecified | NA         |
| VCC_PSBATT      |       1.200 |     0.000 |       0.000 |      0.000 |       NA    | Unspecified | NA         |
| VCC_PSDDR_PLL   |       1.800 |     0.001 |       0.000 |      0.001 |       NA    | Unspecified | NA         |
| VCCO_PSIO0_500  |       1.800 |     0.001 |       0.001 |      0.001 |       NA    | Unspecified | NA         |
| VCCO_PSIO1_501  |       1.800 |     0.001 |       0.000 |      0.001 |       NA    | Unspecified | NA         |
| VCCO_PSIO2_502  |       1.800 |     0.001 |       0.000 |      0.001 |       NA    | Unspecified | NA         |
| VCCO_PSIO3_503  |       3.300 |     0.001 |       0.000 |      0.001 |       NA    | Unspecified | NA         |
| VCC_PSADC       |       1.800 |     0.002 |       0.000 |      0.002 |       NA    | Unspecified | NA         |
| VCCINT_VCU      |       0.900 |     0.029 |       0.000 |      0.029 |       NA    | Unspecified | NA         |
| MGTAVcc         |       0.900 |     0.175 |       0.164 |      0.012 |       NA    | Unspecified | NA         |
| MGTAVtt         |       1.200 |     0.229 |       0.206 |      0.023 |       NA    | Unspecified | NA         |
| MGTVccaux       |       1.800 |     0.012 |       0.012 |      0.000 |       NA    | Unspecified | NA         |
+-----------------+-------------+-----------+-------------+------------+-------------+-------------+------------+


1.3 Confidence Level
--------------------

+-----------------------------+------------+------------------------------------------------+------------------------------------------------------------------------------------------------------------+
| User Input Data             | Confidence | Details                                        | Action                                                                                                     |
+-----------------------------+------------+------------------------------------------------+------------------------------------------------------------------------------------------------------------+
| Design implementation state | High       | Design is routed                               |                                                                                                            |
| Clock nodes activity        | High       | User specified more than 95% of clocks         |                                                                                                            |
| I/O nodes activity          | High       | User specified more than 95% of inputs         |                                                                                                            |
| Internal nodes activity     | Medium     | User specified less than 25% of internal nodes | Provide missing internal nodes activity with simulation results or by editing the "By Resource Type" views |
| Device models               | High       | Device models are Production                   |                                                                                                            |
|                             |            |                                                |                                                                                                            |
| Overall confidence level    | Medium     |                                                |                                                                                                            |
+-----------------------------+------------+------------------------------------------------+------------------------------------------------------------------------------------------------------------+


2. Settings
-----------

2.1 Environment
---------------

+-----------------------+--------------------------+
| Ambient Temp (C)      | 25.0                     |
| ThetaJA (C/W)         | 1.0                      |
| Airflow (LFM)         | 250                      |
| Heat Sink             | medium (Medium Profile)  |
| ThetaSA (C/W)         | 1.5                      |
| Board Selection       | medium (10"x10")         |
| # of Board Layers     | 12to15 (12 to 15 Layers) |
| Board Temperature (C) | 25.0                     |
+-----------------------+--------------------------+


2.2 Clock Constraints
---------------------

+-----------------------------------------------------------------------------------------------------+------------------------------------------------------------------------------------------------------------------------------------------------------------------------------------------------------------------------------------------------------------------------------------------------------------------------------------+-----------------+
| Clock                                                                                               | Domain                                                                                                                                                                                                                                                                                                                             | Constraint (ns) |
+-----------------------------------------------------------------------------------------------------+------------------------------------------------------------------------------------------------------------------------------------------------------------------------------------------------------------------------------------------------------------------------------------------------------------------------------------+-----------------+
| clk                                                                                                 | v3_release_i/taxi_10gbe_frontend_0/inst/frontend_inst/sfp_mac_inst/ch[0].ch_inst/gt.gt_inst/xcvr.gt_ch_inst/inst/gen_gtwizard_gthe4_top.taxi_eth_phy_25g_us_gth_ll_full_gtwizard_gthe4_inst/gen_gtwizard_gthe4.gen_rx_user_clocking_internal.gen_single_instance.gtwiz_userclk_rx_inst/gtwiz_userclk_rx_usrclk2_out[0]             |             6.2 |
| clk_out1_v3_release_taxi_ctrl_clk_wiz_0_0_1                                                         | v3_release_i/taxi_ctrl_clk_wiz_0/inst/clk_out1_v3_release_taxi_ctrl_clk_wiz_0_0                                                                                                                                                                                                                                                    |             8.0 |
| clk_pl_0                                                                                            | v3_release_i/zynq_ultra_ps_e_0/inst/pl_clk_unbuffered[0]                                                                                                                                                                                                                                                                           |            10.0 |
| data_clk_v3_release_clk_wiz_0_0                                                                     | v3_release_i/clk_wiz_0/inst/data_clk_v3_release_clk_wiz_0_0                                                                                                                                                                                                                                                                        |             4.0 |
| dbg_hub/inst/BSCANID.u_xsdbm_id/SWITCH_N_EXT_BSCAN.bscan_inst/SERIES7_BSCAN.bscan_inst/INTERNAL_TCK | dbg_hub/inst/BSCANID.u_xsdbm_id/SWITCH_N_EXT_BSCAN.bscan_inst/DRCK                                                                                                                                                                                                                                                                 |            50.0 |
| gt.gt_inst_n_5                                                                                      | v3_release_i/taxi_10gbe_frontend_0/inst/frontend_inst/sfp_mac_inst/ch[0].ch_inst/gt.gt_inst/xcvr.gt_ch_inst/inst/gen_gtwizard_gthe4_top.taxi_eth_phy_25g_us_gth_ll_full_gtwizard_gthe4_inst/gen_gtwizard_gthe4.gen_tx_user_clocking_internal.gen_single_instance.gtwiz_userclk_tx_inst/gtwiz_userclk_tx_usrclk2_out[0]             |             6.2 |
| gt.gt_inst_n_5_1                                                                                    | v3_release_i/taxi_10gbe_frontend_0/inst/frontend_inst/sfp_mac_inst/ch[1].ch_inst/gt.gt_inst/xcvr.gt_ch_inst/inst/gen_gtwizard_gthe4_top.taxi_eth_phy_25g_us_gth_ll_ch_gtwizard_gthe4_inst/gen_gtwizard_gthe4.gen_tx_user_clocking_internal.gen_single_instance.gtwiz_userclk_tx_inst/gtwiz_userclk_tx_usrclk2_out[0]               |             6.2 |
| gt.gt_inst_n_6                                                                                      | v3_release_i/taxi_10gbe_frontend_0/inst/frontend_inst/sfp_mac_inst/ch[1].ch_inst/gt.gt_inst/xcvr.gt_ch_inst/inst/gen_gtwizard_gthe4_top.taxi_eth_phy_25g_us_gth_ll_ch_gtwizard_gthe4_inst/gen_gtwizard_gthe4.gen_rx_user_clocking_internal.gen_single_instance.gtwiz_userclk_rx_inst/gtwiz_userclk_rx_usrclk2_out[0]               |             6.2 |
| gtwiz_userclk_rx_srcclk_out[0]                                                                      | v3_release_i/taxi_10gbe_frontend_0/inst/frontend_inst/sfp_mac_inst/ch[0].ch_inst/gt.gt_inst/xcvr.gt_ch_inst/inst/gen_gtwizard_gthe4_top.taxi_eth_phy_25g_us_gth_ll_full_gtwizard_gthe4_inst/gen_gtwizard_gthe4.gen_channel_container[0].gen_enabled_channel.gthe4_channel_wrapper_inst/channel_inst/gtwiz_userclk_rx_srcclk_out[0] |             3.1 |
| gtwiz_userclk_rx_srcclk_out[0]_1                                                                    | v3_release_i/taxi_10gbe_frontend_0/inst/frontend_inst/sfp_mac_inst/ch[1].ch_inst/gt.gt_inst/xcvr.gt_ch_inst/inst/gen_gtwizard_gthe4_top.taxi_eth_phy_25g_us_gth_ll_ch_gtwizard_gthe4_inst/gen_gtwizard_gthe4.gen_channel_container[0].gen_enabled_channel.gthe4_channel_wrapper_inst/channel_inst/gtwiz_userclk_rx_srcclk_out[0]   |             3.1 |
| gtwiz_userclk_tx_srcclk_out[0]                                                                      | v3_release_i/taxi_10gbe_frontend_0/inst/frontend_inst/sfp_mac_inst/ch[0].ch_inst/gt.gt_inst/xcvr.gt_ch_inst/inst/gen_gtwizard_gthe4_top.taxi_eth_phy_25g_us_gth_ll_full_gtwizard_gthe4_inst/gen_gtwizard_gthe4.gen_channel_container[0].gen_enabled_channel.gthe4_channel_wrapper_inst/channel_inst/gtwiz_userclk_tx_srcclk_out[0] |             3.1 |
| gtwiz_userclk_tx_srcclk_out[0]_1                                                                    | v3_release_i/taxi_10gbe_frontend_0/inst/frontend_inst/sfp_mac_inst/ch[1].ch_inst/gt.gt_inst/xcvr.gt_ch_inst/inst/gen_gtwizard_gthe4_top.taxi_eth_phy_25g_us_gth_ll_ch_gtwizard_gthe4_inst/gen_gtwizard_gthe4.gen_channel_container[0].gen_enabled_channel.gthe4_channel_wrapper_inst/channel_inst/gtwiz_userclk_tx_srcclk_out[0]   |             3.1 |
| qpll0outclk_out[0]                                                                                  | v3_release_i/taxi_10gbe_frontend_0/inst/frontend_inst/sfp_mac_inst/ch[0].ch_inst/gt.gt_inst/xcvr.gt_ch_inst/inst/gen_gtwizard_gthe4_top.taxi_eth_phy_25g_us_gth_ll_full_gtwizard_gthe4_inst/gen_gtwizard_gthe4.gen_common.gen_common_container[0].gen_enabled_common.gthe4_common_wrapper_inst/common_inst/qpll0outclk_out[0]      |             0.2 |
| qpll0outrefclk_out[0]                                                                               | v3_release_i/taxi_10gbe_frontend_0/inst/frontend_inst/sfp_mac_inst/ch[0].ch_inst/gt.gt_inst/xcvr.gt_ch_inst/inst/gen_gtwizard_gthe4_top.taxi_eth_phy_25g_us_gth_ll_full_gtwizard_gthe4_inst/gen_gtwizard_gthe4.gen_common.gen_common_container[0].gen_enabled_common.gthe4_common_wrapper_inst/common_inst/qpll0outrefclk_out[0]   |             6.4 |
| qpll1outclk_out[0]                                                                                  | v3_release_i/taxi_10gbe_frontend_0/inst/frontend_inst/sfp_mac_inst/ch[0].ch_inst/gt.gt_inst/xcvr.gt_ch_inst/inst/gen_gtwizard_gthe4_top.taxi_eth_phy_25g_us_gth_ll_full_gtwizard_gthe4_inst/gen_gtwizard_gthe4.gen_common.gen_common_container[0].gen_enabled_common.gthe4_common_wrapper_inst/common_inst/qpll1outclk_out[0]      |             0.2 |
| qpll1outrefclk_out[0]                                                                               | v3_release_i/taxi_10gbe_frontend_0/inst/frontend_inst/sfp_mac_inst/ch[0].ch_inst/gt.gt_inst/xcvr.gt_ch_inst/inst/gen_gtwizard_gthe4_top.taxi_eth_phy_25g_us_gth_ll_full_gtwizard_gthe4_inst/gen_gtwizard_gthe4.gen_common.gen_common_container[0].gen_enabled_common.gthe4_common_wrapper_inst/common_inst/qpll1outrefclk_out[0]   |             6.4 |
| rxoutclkpcs_out[0]                                                                                  | v3_release_i/taxi_10gbe_frontend_0/inst/frontend_inst/sfp_mac_inst/ch[0].ch_inst/gt.gt_inst/xcvr.gt_ch_inst/inst/gen_gtwizard_gthe4_top.taxi_eth_phy_25g_us_gth_ll_full_gtwizard_gthe4_inst/gen_gtwizard_gthe4.gen_channel_container[0].gen_enabled_channel.gthe4_channel_wrapper_inst/channel_inst/rxoutclkpcs_out[0]             |             3.1 |
| rxoutclkpcs_out[0]_1                                                                                | v3_release_i/taxi_10gbe_frontend_0/inst/frontend_inst/sfp_mac_inst/ch[1].ch_inst/gt.gt_inst/xcvr.gt_ch_inst/inst/gen_gtwizard_gthe4_top.taxi_eth_phy_25g_us_gth_ll_ch_gtwizard_gthe4_inst/gen_gtwizard_gthe4.gen_channel_container[0].gen_enabled_channel.gthe4_channel_wrapper_inst/channel_inst/rxoutclkpcs_out[0]               |             3.1 |
| sfp_mgt_refclk                                                                                      | sfp_mgt_refclk_p                                                                                                                                                                                                                                                                                                                   |             6.4 |
| taxi_ctrl_refclk                                                                                    | CLK_IN1_D_0_clk_p                                                                                                                                                                                                                                                                                                                  |             8.0 |
+-----------------------------------------------------------------------------------------------------+------------------------------------------------------------------------------------------------------------------------------------------------------------------------------------------------------------------------------------------------------------------------------------------------------------------------------------+-----------------+


3. Detailed Reports
-------------------

3.1 By Hierarchy
----------------

+----------------------------+-----------+
| Name                       | Power (W) |
+----------------------------+-----------+
| v3_release_wrapper         |     4.495 |
|   dbg_hub                  |     0.004 |
|     inst                   |     0.004 |
|       BSCANID.u_xsdbm_id   |     0.004 |
|   v3_release_i             |     4.490 |
|     axi_dma_0              |     0.006 |
|       U0                   |     0.006 |
|     axi_gpio_bbo_ask       |     0.004 |
|       U0                   |     0.004 |
|     axi_gpio_bbo_bid       |     0.004 |
|       U0                   |     0.004 |
|     axi_gpio_meta          |     0.002 |
|       U0                   |     0.002 |
|     axi_gpio_price         |     0.001 |
|       U0                   |     0.001 |
|     axi_gpio_price1        |     0.001 |
|       U0                   |     0.001 |
|     axi_interconnect_0     |     0.004 |
|       s00_couplers         |     0.004 |
|     axis_clock_converter_1 |     0.005 |
|       inst                 |     0.005 |
|     clk_wiz_0              |     0.098 |
|       inst                 |     0.098 |
|     event_async_fifo_0     |     0.009 |
|       inst                 |     0.009 |
|     ingress_source_bound_0 |     0.001 |
|       inst                 |     0.001 |
|     network_ingress_top_0  |     0.026 |
|       inst                 |     0.026 |
|     order_book_top_0       |     0.978 |
|       inst                 |     0.978 |
|     ps8_0_axi_periph       |     0.009 |
|       s00_couplers         |     0.007 |
|       xbar                 |     0.002 |
|     taxi_10gbe_frontend_0  |     0.545 |
|       inst                 |     0.545 |
|     taxi_ctrl_clk_wiz_0    |     0.100 |
|       inst                 |     0.100 |
|     taxi_rx_ila_0          |     0.028 |
|       inst                 |     0.028 |
|     zynq_ultra_ps_e_0      |     2.667 |
|       inst                 |     2.667 |
+----------------------------+-----------+
