Copyright 1986-2022 Xilinx, Inc. All Rights Reserved. Copyright 2022-2023 Advanced Micro Devices, Inc. All Rights Reserved.
---------------------------------------------------------------------------------------------------------------------------------------------
| Tool Version : Vivado v.2023.2 (win64) Build 4029153 Fri Oct 13 20:14:34 MDT 2023
| Date         : Sat Sep 12 00:17:37 2026
| Host         : dkeL running 64-bit major release  (build 9200)
| Command      : report_utilization -file ./design_evidence/utilization.rpt
| Design       : v3_release_wrapper
| Device       : xczu7ev-ffvc1156-2-e
| Speed File   : -2
| Design State : Routed
---------------------------------------------------------------------------------------------------------------------------------------------

Utilization Design Information

Table of Contents
-----------------
1. CLB Logic
1.1 Summary of Registers by Type
2. CLB Logic Distribution
3. BLOCKRAM
4. ARITHMETIC
5. I/O
6. CLOCK
7. ADVANCED
8. CONFIGURATION
9. Primitives
10. Black Boxes
11. Instantiated Netlists

1. CLB Logic
------------

+----------------------------+-------+-------+------------+-----------+-------+
|          Site Type         |  Used | Fixed | Prohibited | Available | Util% |
+----------------------------+-------+-------+------------+-----------+-------+
| CLB LUTs                   | 43336 |     0 |          0 |    230400 | 18.81 |
|   LUT as Logic             | 41425 |     0 |          0 |    230400 | 17.98 |
|   LUT as Memory            |  1911 |     0 |          0 |    101760 |  1.88 |
|     LUT as Distributed RAM |   450 |     0 |            |           |       |
|     LUT as Shift Register  |  1461 |     0 |            |           |       |
| CLB Registers              | 49874 |     0 |          0 |    460800 | 10.82 |
|   Register as Flip Flop    | 49874 |     0 |          0 |    460800 | 10.82 |
|   Register as Latch        |     0 |     0 |          0 |    460800 |  0.00 |
| CARRY8                     |   952 |     0 |          0 |     28800 |  3.31 |
| F7 Muxes                   |  3099 |     0 |          0 |    115200 |  2.69 |
| F8 Muxes                   |  1356 |     0 |          0 |     57600 |  2.35 |
| F9 Muxes                   |     0 |     0 |          0 |     28800 |  0.00 |
+----------------------------+-------+-------+------------+-----------+-------+
* Warning! LUT value is adjusted to account for LUT combining.


1.1 Summary of Registers by Type
--------------------------------

+-------+--------------+-------------+--------------+
| Total | Clock Enable | Synchronous | Asynchronous |
+-------+--------------+-------------+--------------+
| 0     |            _ |           - |            - |
| 0     |            _ |           - |          Set |
| 0     |            _ |           - |        Reset |
| 0     |            _ |         Set |            - |
| 0     |            _ |       Reset |            - |
| 0     |          Yes |           - |            - |
| 89    |          Yes |           - |          Set |
| 218   |          Yes |           - |        Reset |
| 470   |          Yes |         Set |            - |
| 49097 |          Yes |       Reset |            - |
+-------+--------------+-------------+--------------+


2. CLB Logic Distribution
-------------------------

+--------------------------------------------+-------+-------+------------+-----------+-------+
|                  Site Type                 |  Used | Fixed | Prohibited | Available | Util% |
+--------------------------------------------+-------+-------+------------+-----------+-------+
| CLB                                        | 10929 |     0 |          0 |     28800 | 37.95 |
|   CLBL                                     |  6140 |     0 |            |           |       |
|   CLBM                                     |  4789 |     0 |            |           |       |
| LUT as Logic                               | 41425 |     0 |          0 |    230400 | 17.98 |
|   using O5 output only                     |   300 |       |            |           |       |
|   using O6 output only                     | 35835 |       |            |           |       |
|   using O5 and O6                          |  5290 |       |            |           |       |
| LUT as Memory                              |  1911 |     0 |          0 |    101760 |  1.88 |
|   LUT as Distributed RAM                   |   450 |     0 |            |           |       |
|     using O5 output only                   |     0 |       |            |           |       |
|     using O6 output only                   |     0 |       |            |           |       |
|     using O5 and O6                        |   450 |       |            |           |       |
|   LUT as Shift Register                    |  1461 |     0 |            |           |       |
|     using O5 output only                   |     0 |       |            |           |       |
|     using O6 output only                   |   328 |       |            |           |       |
|     using O5 and O6                        |  1133 |       |            |           |       |
| CLB Registers                              | 49874 |     0 |          0 |    460800 | 10.82 |
|   Register driven from within the CLB      | 14034 |       |            |           |       |
|   Register driven from outside the CLB     | 35840 |       |            |           |       |
|     LUT in front of the register is unused | 25449 |       |            |           |       |
|     LUT in front of the register is used   | 10391 |       |            |           |       |
| Unique Control Sets                        |   749 |       |          0 |     57600 |  1.30 |
+--------------------------------------------+-------+-------+------------+-----------+-------+
* * Note: Available Control Sets calculated as Slices * 2, Review the Control Sets Report for more information regarding control sets.


3. BLOCKRAM
-----------

+-------------------+------+-------+------------+-----------+-------+
|     Site Type     | Used | Fixed | Prohibited | Available | Util% |
+-------------------+------+-------+------------+-----------+-------+
| Block RAM Tile    | 51.5 |     0 |          0 |       312 | 16.51 |
|   RAMB36/FIFO*    |   48 |     0 |          0 |       312 | 15.38 |
|     RAMB36E2 only |   48 |       |            |           |       |
|   RAMB18          |    7 |     0 |          0 |       624 |  1.12 |
|     RAMB18E2 only |    7 |       |            |           |       |
| URAM              |   24 |     0 |          0 |        96 | 25.00 |
+-------------------+------+-------+------------+-----------+-------+
* Note: Each Block RAM Tile only has one FIFO logic available and therefore can accommodate only one FIFO36E2 or one FIFO18E2. However, if a FIFO18E2 occupies a Block RAM Tile, that tile can still accommodate a RAMB18E2


4. ARITHMETIC
-------------

+-----------+------+-------+------------+-----------+-------+
| Site Type | Used | Fixed | Prohibited | Available | Util% |
+-----------+------+-------+------------+-----------+-------+
| DSPs      |    0 |     0 |          0 |      1728 |  0.00 |
+-----------+------+-------+------------+-----------+-------+


5. I/O
------

+------------------+------+-------+------------+-----------+-------+
|     Site Type    | Used | Fixed | Prohibited | Available | Util% |
+------------------+------+-------+------------+-----------+-------+
| Bonded IOB       |    4 |     4 |          0 |       360 |  1.11 |
| HPIOB_M          |    1 |     1 |          0 |       144 |  0.69 |
|   INPUT          |    1 |       |            |           |       |
|   OUTPUT         |    0 |       |            |           |       |
|   BIDIR          |    0 |       |            |           |       |
| HPIOB_S          |    1 |     1 |          0 |       144 |  0.69 |
|   INPUT          |    1 |       |            |           |       |
|   OUTPUT         |    0 |       |            |           |       |
|   BIDIR          |    0 |       |            |           |       |
| HDIOB_M          |    0 |     0 |          0 |        24 |  0.00 |
| HDIOB_S          |    0 |     0 |          0 |        24 |  0.00 |
| HPIOB_SNGL       |    2 |     2 |          0 |        24 |  8.33 |
|   INPUT          |    0 |       |            |           |       |
|   OUTPUT         |    2 |       |            |           |       |
|   BIDIR          |    0 |       |            |           |       |
| HPIOBDIFFINBUF   |    1 |     1 |          0 |       192 |  0.52 |
|   DIFFINBUF      |    1 |     1 |            |           |       |
| HPIOBDIFFOUTBUF  |    0 |     0 |          0 |       192 |  0.00 |
| HDIOBDIFFINBUF   |    0 |     0 |          0 |        48 |  0.00 |
| BITSLICE_CONTROL |    0 |     0 |          0 |        64 |  0.00 |
| BITSLICE_RX_TX   |    0 |     0 |          0 |      2496 |  0.00 |
| BITSLICE_TX      |    0 |     0 |          0 |        64 |  0.00 |
| RIU_OR           |    0 |     0 |          0 |        32 |  0.00 |
+------------------+------+-------+------------+-----------+-------+


6. CLOCK
--------

+----------------------+------+-------+------------+-----------+-------+
|       Site Type      | Used | Fixed | Prohibited | Available | Util% |
+----------------------+------+-------+------------+-----------+-------+
| GLOBAL CLOCK BUFFERs |   16 |     0 |          0 |       544 |  2.94 |
|   BUFGCE             |    6 |     0 |          0 |       208 |  2.88 |
|   BUFGCE_DIV         |    0 |     0 |          0 |        32 |  0.00 |
|   BUFG_GT            |    9 |     0 |          0 |       144 |  6.25 |
|   BUFG_PS            |    1 |     0 |          0 |        96 |  1.04 |
|   BUFGCTRL*          |    0 |     0 |          0 |        64 |  0.00 |
| PLL                  |    0 |     0 |          0 |        16 |  0.00 |
| MMCM                 |    2 |     0 |          0 |         8 | 25.00 |
+----------------------+------+-------+------------+-----------+-------+
* Note: Each used BUFGCTRL counts as two GLOBAL CLOCK BUFFERs. This table does not include global clocking resources, only buffer cell usage. See the Clock Utilization Report (report_clock_utilization) for detailed accounting of global clocking resource availability.


7. ADVANCED
-----------

+-----------------+------+-------+------------+-----------+--------+
|    Site Type    | Used | Fixed | Prohibited | Available |  Util% |
+-----------------+------+-------+------------+-----------+--------+
| GTHE4_CHANNEL   |    2 |     2 |          0 |        20 |  10.00 |
| GTHE4_COMMON    |    1 |     0 |          0 |         5 |  20.00 |
| OBUFDS_GTE4     |    0 |     0 |          0 |        10 |   0.00 |
| OBUFDS_GTE4_ADV |    0 |     0 |          0 |        10 |   0.00 |
| PCIE40E4        |    0 |     0 |          0 |         2 |   0.00 |
| PS8             |    1 |     0 |          0 |         1 | 100.00 |
| SYSMONE4        |    0 |     0 |          0 |         1 |   0.00 |
| VCU             |    0 |     0 |          0 |         1 |   0.00 |
+-----------------+------+-------+------------+-----------+--------+


8. CONFIGURATION
----------------

+-------------+------+-------+------------+-----------+-------+
|  Site Type  | Used | Fixed | Prohibited | Available | Util% |
+-------------+------+-------+------------+-----------+-------+
| BSCANE2     |    1 |     0 |          0 |         4 | 25.00 |
| DNA_PORTE2  |    0 |     0 |          0 |         1 |  0.00 |
| EFUSE_USR   |    0 |     0 |          0 |         1 |  0.00 |
| FRAME_ECCE4 |    0 |     0 |          0 |         1 |  0.00 |
| ICAPE3      |    0 |     0 |          0 |         2 |  0.00 |
| MASTER_JTAG |    0 |     0 |          0 |         1 |  0.00 |
| STARTUPE3   |    0 |     0 |          0 |         1 |  0.00 |
+-------------+------+-------+------------+-----------+-------+


9. Primitives
-------------

+---------------+-------+---------------------+
|    Ref Name   |  Used | Functional Category |
+---------------+-------+---------------------+
| FDRE          | 49097 |            Register |
| LUT6          | 24605 |                 CLB |
| LUT5          |  6479 |                 CLB |
| LUT2          |  5721 |                 CLB |
| LUT4          |  5125 |                 CLB |
| LUT3          |  4505 |                 CLB |
| MUXF7         |  3099 |                 CLB |
| SRL16E        |  2369 |                 CLB |
| MUXF8         |  1356 |                 CLB |
| CARRY8        |   952 |                 CLB |
| RAMD32        |   786 |                 CLB |
| FDSE          |   470 |            Register |
| LUT1          |   280 |                 CLB |
| SRLC32E       |   223 |                 CLB |
| FDCE          |   218 |            Register |
| RAMS32        |   114 |                 CLB |
| FDPE          |    89 |            Register |
| RAMB36E2      |    48 |            BLOCKRAM |
| URAM288       |    24 |            BLOCKRAM |
| BUFG_GT       |     9 |               Clock |
| RAMB18E2      |     7 |            BLOCKRAM |
| BUFGCE        |     6 |               Clock |
| BUFG_GT_SYNC  |     5 |               Clock |
| SRLC16E       |     2 |                 CLB |
| OBUF          |     2 |                 I/O |
| MMCME4_ADV    |     2 |               Clock |
| GTHE4_CHANNEL |     2 |            Advanced |
| PS8           |     1 |            Advanced |
| IBUFDS_GTE4   |     1 |                 I/O |
| IBUFCTRL      |     1 |              Others |
| GTHE4_COMMON  |     1 |            Advanced |
| DIFFINBUF     |     1 |                 I/O |
| BUFG_PS       |     1 |               Clock |
| BSCANE2       |     1 |       Configuration |
+---------------+-------+---------------------+


10. Black Boxes
---------------

+----------+------+
| Ref Name | Used |
+----------+------+


11. Instantiated Netlists
-------------------------

+-------------------------------------------+------+
|                  Ref Name                 | Used |
+-------------------------------------------+------+
| v3_release_zynq_ultra_ps_e_0_0            |    1 |
| v3_release_xbar_0                         |    1 |
| v3_release_taxi_rx_ila_0_1                |    1 |
| v3_release_taxi_ctrl_reset_0_0            |    1 |
| v3_release_taxi_ctrl_clk_wiz_0_0          |    1 |
| v3_release_taxi_10gbe_frontend_0_0        |    1 |
| v3_release_proc_sys_reset_2_0             |    1 |
| v3_release_proc_sys_reset_1_0             |    1 |
| v3_release_order_book_top_0_0             |    1 |
| v3_release_network_ingress_refresh_test_0 |    1 |
| v3_release_ingress_source_bound_0_0       |    1 |
| v3_release_event_async_fifo_0_0           |    1 |
| v3_release_clk_wiz_0_0                    |    1 |
| v3_release_bbo_counter_0                  |    1 |
| v3_release_axis_clock_converter_1_0       |    1 |
| v3_release_axi_gpio_price_0               |    1 |
| v3_release_axi_gpio_price1_0              |    1 |
| v3_release_axi_gpio_meta_0                |    1 |
| v3_release_axi_gpio_bbo_bid_0             |    1 |
| v3_release_axi_gpio_bbo_ask_0             |    1 |
| v3_release_axi_dma_0_0                    |    1 |
| v3_release_auto_us_0                      |    1 |
| v3_release_auto_pc_0                      |    1 |
| taxi_eth_phy_25g_us_gth_ll_full           |    1 |
| taxi_eth_phy_25g_us_gth_ll_ch             |    1 |
| dbg_hub                                   |    1 |
+-------------------------------------------+------+
