Copyright 1986-2022 Xilinx, Inc. All Rights Reserved. Copyright 2022-2023 Advanced Micro Devices, Inc. All Rights Reserved.
-------------------------------------------------------------------------------------------------------------------------------------------------
| Tool Version     : Vivado v.2023.2 (win64) Build 4029153 Fri Oct 13 20:14:34 MDT 2023
| Date             : Tue Sep  1 03:28:49 2026
| Host             : dkeL running 64-bit major release  (build 9200)
| Command          : report_power -file ./design_evidence/power_summary.rpt
| Design           : itch_zcu106_system_wrapper
| Device           : xczu7ev-ffvc1156-2-e
| Design State     : routed
| Grade            : extended
| Process          : typical
| Characterization : Production
-------------------------------------------------------------------------------------------------------------------------------------------------

Power Report

Table of Contents
-----------------
1. Summary
1.1 On-Chip Components
1.2 Power Supply Summary
1.3 Confidence Level
2. Settings
2.1 Environment
2.2 Clock Constraints
3. Detailed Reports
3.1 By Hierarchy

1. Summary
----------

+--------------------------+--------------+
| Total On-Chip Power (W)  | 4.778        |
| Design Power Budget (W)  | Unspecified* |
| Power Budget Margin (W)  | NA           |
| Dynamic (W)              | 4.075        |
| Device Static (W)        | 0.703        |
| Effective TJA (C/W)      | 1.0          |
| Max Ambient (C)          | 95.3         |
| Junction Temperature (C) | 29.7         |
| Confidence Level         | Medium       |
| Setting File             | ---          |
| Simulation Activity File | ---          |
| Design Nets Matched      | NA           |
+--------------------------+--------------+
* Specify Design Power Budget using, set_operating_conditions -design_power_budget <value in Watts>


1.1 On-Chip Components
----------------------

+--------------------------+-----------+----------+-----------+-----------------+
| On-Chip                  | Power (W) | Used     | Available | Utilization (%) |
+--------------------------+-----------+----------+-----------+-----------------+
| Clocks                   |     0.151 |        6 |       --- |             --- |
| CLB Logic                |     0.168 |    80848 |       --- |             --- |
|   LUT as Logic           |     0.121 |    28737 |    230400 |           12.47 |
|   LUT as Shift Register  |     0.035 |     1263 |    101760 |            1.24 |
|   Register               |     0.010 |    40477 |    460800 |            8.78 |
|   CARRY8                 |     0.002 |      872 |     28800 |            3.03 |
|   LUT as Distributed RAM |     0.001 |      312 |    101760 |            0.31 |
|   Others                 |     0.000 |      427 |       --- |             --- |
|   F7/F8 Muxes            |     0.000 |     1868 |    230400 |            0.81 |
| Signals                  |     0.372 |    67339 |       --- |             --- |
| Block RAM                |     0.618 |      250 |       312 |           80.13 |
| MMCM                     |     0.109 |        0 |       --- |             --- |
| PS8                      |     2.658 |        1 |       --- |             --- |
| Static Power             |     0.703 |          |           |                 |
|   PS Static              |     0.100 |          |           |                 |
|   PL Static              |     0.603 |          |           |                 |
| Total                    |     4.778 |          |           |                 |
+--------------------------+-----------+----------+-----------+-----------------+


1.2 Power Supply Summary
------------------------

+-----------------+-------------+-----------+-------------+------------+-------------+-------------+------------+
| Source          | Voltage (V) | Total (A) | Dynamic (A) | Static (A) | Powerup (A) | Budget (A)  | Margin (A) |
+-----------------+-------------+-----------+-------------+------------+-------------+-------------+------------+
| Vccint          |       0.850 |     1.632 |       1.469 |      0.162 |       NA    | Unspecified | NA         |
| Vccint_io       |       0.850 |     0.071 |       0.000 |      0.071 |       NA    | Unspecified | NA         |
| Vccbram         |       0.850 |     0.073 |       0.071 |      0.002 |       NA    | Unspecified | NA         |
| Vccaux          |       1.800 |     0.207 |       0.060 |      0.147 |       NA    | Unspecified | NA         |
| Vccaux_io       |       1.800 |     0.055 |       0.000 |      0.055 |       NA    | Unspecified | NA         |
| Vcco33          |       3.300 |     0.000 |       0.000 |      0.000 |       NA    | Unspecified | NA         |
| Vcco25          |       2.500 |     0.000 |       0.000 |      0.000 |       NA    | Unspecified | NA         |
| Vcco18          |       1.800 |     0.000 |       0.000 |      0.000 |       NA    | Unspecified | NA         |
| Vcco15          |       1.500 |     0.000 |       0.000 |      0.000 |       NA    | Unspecified | NA         |
| Vcco135         |       1.350 |     0.000 |       0.000 |      0.000 |       NA    | Unspecified | NA         |
| Vcco12          |       1.200 |     0.000 |       0.000 |      0.000 |       NA    | Unspecified | NA         |
| Vcco10          |       1.000 |     0.000 |       0.000 |      0.000 |       NA    | Unspecified | NA         |
| Vccadc          |       1.800 |     0.008 |       0.000 |      0.008 |       NA    | Unspecified | NA         |
| VCC_PSINTFP     |       0.850 |     1.050 |       1.014 |      0.036 |       NA    | Unspecified | NA         |
| VCC_PSINTLP     |       0.850 |     0.251 |       0.244 |      0.007 |       NA    | Unspecified | NA         |
| VPS_MGTRAVCC    |       0.850 |     0.139 |       0.138 |      0.001 |       NA    | Unspecified | NA         |
| VCC_PSINTFP_DDR |       0.850 |     0.730 |       0.725 |      0.004 |       NA    | Unspecified | NA         |
| VCC_PSPLL       |       1.200 |     0.071 |       0.069 |      0.002 |       NA    | Unspecified | NA         |
| VPS_MGTRAVTT    |       1.800 |     0.034 |       0.033 |      0.001 |       NA    | Unspecified | NA         |
| VCCO_PSDDR_504  |       1.200 |     0.626 |       0.592 |      0.034 |       NA    | Unspecified | NA         |
| VCC_PSAUX       |       1.800 |     0.002 |       0.000 |      0.002 |       NA    | Unspecified | NA         |
| VCC_PSBATT      |       1.200 |     0.000 |       0.000 |      0.000 |       NA    | Unspecified | NA         |
| VCC_PSDDR_PLL   |       1.800 |     0.001 |       0.000 |      0.001 |       NA    | Unspecified | NA         |
| VCCO_PSIO0_500  |       1.800 |     0.001 |       0.001 |      0.001 |       NA    | Unspecified | NA         |
| VCCO_PSIO1_501  |       1.800 |     0.001 |       0.000 |      0.001 |       NA    | Unspecified | NA         |
| VCCO_PSIO2_502  |       1.800 |     0.001 |       0.000 |      0.001 |       NA    | Unspecified | NA         |
| VCCO_PSIO3_503  |       3.300 |     0.001 |       0.000 |      0.001 |       NA    | Unspecified | NA         |
| VCC_PSADC       |       1.800 |     0.002 |       0.000 |      0.002 |       NA    | Unspecified | NA         |
| VCCINT_VCU      |       0.900 |     0.028 |       0.000 |      0.028 |       NA    | Unspecified | NA         |
| MGTAVcc         |       0.900 |     0.000 |       0.000 |      0.000 |       NA    | Unspecified | NA         |
| MGTAVtt         |       1.200 |     0.000 |       0.000 |      0.000 |       NA    | Unspecified | NA         |
| MGTVccaux       |       1.800 |     0.000 |       0.000 |      0.000 |       NA    | Unspecified | NA         |
+-----------------+-------------+-----------+-------------+------------+-------------+-------------+------------+


1.3 Confidence Level
--------------------

+-----------------------------+------------+------------------------------------------------+------------------------------------------------------------------------------------------------------------+
| User Input Data             | Confidence | Details                                        | Action                                                                                                     |
+-----------------------------+------------+------------------------------------------------+------------------------------------------------------------------------------------------------------------+
| Design implementation state | High       | Design is routed                               |                                                                                                            |
| Clock nodes activity        | High       | User specified more than 95% of clocks         |                                                                                                            |
| I/O nodes activity          | High       | User specified more than 95% of inputs         |                                                                                                            |
| Internal nodes activity     | Medium     | User specified less than 25% of internal nodes | Provide missing internal nodes activity with simulation results or by editing the "By Resource Type" views |
| Device models               | High       | Device models are Production                   |                                                                                                            |
|                             |            |                                                |                                                                                                            |
| Overall confidence level    | Medium     |                                                |                                                                                                            |
+-----------------------------+------------+------------------------------------------------+------------------------------------------------------------------------------------------------------------+


2. Settings
-----------

2.1 Environment
---------------

+-----------------------+--------------------------+
| Ambient Temp (C)      | 25.0                     |
| ThetaJA (C/W)         | 1.0                      |
| Airflow (LFM)         | 250                      |
| Heat Sink             | medium (Medium Profile)  |
| ThetaSA (C/W)         | 1.5                      |
| Board Selection       | medium (10"x10")         |
| # of Board Layers     | 12to15 (12 to 15 Layers) |
| Board Temperature (C) | 25.0                     |
+-----------------------+--------------------------+


2.2 Clock Constraints
---------------------

+--------------------------------------------+--------------------------------------------------------------------------------+-----------------+
| Clock                                      | Domain                                                                         | Constraint (ns) |
+--------------------------------------------+--------------------------------------------------------------------------------+-----------------+
| bram_clk_itch_zcu106_system_clk_wiz_0_0    | itch_zcu106_system_i/clk_wiz_0/inst/bram_clk_itch_zcu106_system_clk_wiz_0_0    |             5.0 |
| clk_pl_0                                   | itch_zcu106_system_i/zynq_ultra_ps_e_0/inst/pl_clk_unbuffered[0]               |            10.0 |
| data_clk_itch_zcu106_system_clk_wiz_0_0    | itch_zcu106_system_i/clk_wiz_0/inst/data_clk_itch_zcu106_system_clk_wiz_0_0    |            10.0 |
| network_clk_itch_zcu106_system_clk_wiz_0_0 | itch_zcu106_system_i/clk_wiz_0/inst/network_clk_itch_zcu106_system_clk_wiz_0_0 |             6.4 |
+--------------------------------------------+--------------------------------------------------------------------------------+-----------------+


3. Detailed Reports
-------------------

3.1 By Hierarchy
----------------

+----------------------------+-----------+
| Name                       | Power (W) |
+----------------------------+-----------+
| itch_zcu106_system_wrapper |     4.075 |
|   itch_zcu106_system_i     |     4.075 |
|     axi_dma_0              |     0.002 |
|       U0                   |     0.002 |
|     axi_gpio_bbo_ask       |     0.002 |
|       U0                   |     0.002 |
|     axi_gpio_bbo_bid       |     0.002 |
|       U0                   |     0.002 |
|     axi_gpio_meta          |     0.001 |
|       U0                   |     0.001 |
|     axi_interconnect_0     |     0.002 |
|       s00_couplers         |     0.002 |
|     axis_clock_converter_0 |     0.002 |
|       inst                 |     0.002 |
|     axis_clock_converter_1 |     0.002 |
|       inst                 |     0.002 |
|     clk_wiz_0              |     0.109 |
|       inst                 |     0.109 |
|     network_ingress_top_0  |     0.013 |
|       inst                 |     0.013 |
|     order_book_top_0       |     1.273 |
|       inst                 |     1.202 |
|     ps8_0_axi_periph       |     0.004 |
|       s00_couplers         |     0.003 |
|     zynq_ultra_ps_e_0      |     2.659 |
|       inst                 |     2.659 |
+----------------------------+-----------+
