Copyright 1986-2022 Xilinx, Inc. All Rights Reserved. Copyright 2022-2023 Advanced Micro Devices, Inc. All Rights Reserved.
---------------------------------------------------------------------------------------------------------------------------------------------
| Tool Version : Vivado v.2023.2 (win64) Build 4029153 Fri Oct 13 20:14:34 MDT 2023
| Date         : Tue Sep  1 03:26:03 2026
| Host         : dkeL running 64-bit major release  (build 9200)
| Command      : report_utilization -hierarchical -file ./design_evidence/utilization_hier.rpt
| Design       : itch_zcu106_system_wrapper
| Device       : xczu7ev-ffvc1156-2-e
| Speed File   : -2
| Design State : Physopt postRoute
---------------------------------------------------------------------------------------------------------------------------------------------

Utilization Design Information

Table of Contents
-----------------
1. Utilization by Hierarchy

1. Utilization by Hierarchy
---------------------------

+-----------------------------------------------------------------------------+------------------------------------------------------------------------------------------------------+------------+------------+---------+------+-------+--------+--------+------+------------+
|                                   Instance                                  |                                                Module                                                | Total LUTs | Logic LUTs | LUTRAMs | SRLs |  FFs  | RAMB36 | RAMB18 | URAM | DSP Blocks |
+-----------------------------------------------------------------------------+------------------------------------------------------------------------------------------------------+------------+------------+---------+------+-------+--------+--------+------+------------+
| itch_zcu106_system_wrapper                                                  |                                                                                                (top) |      30312 |      28737 |     312 | 1263 | 40477 |    250 |      0 |    0 |          0 |
|   itch_zcu106_system_i                                                      |                                                                                   itch_zcu106_system |      30312 |      28737 |     312 | 1263 | 40477 |    250 |      0 |    0 |          0 |
|     (itch_zcu106_system_i)                                                  |                                                                                   itch_zcu106_system |          0 |          0 |       0 |    0 |     0 |      0 |      0 |    0 |          0 |
|     axi_dma_0                                                               |                                                                       itch_zcu106_system_axi_dma_0_1 |        446 |        413 |       0 |   33 |   710 |      1 |      0 |    0 |          0 |
|       (axi_dma_0)                                                           |                                                                       itch_zcu106_system_axi_dma_0_1 |          0 |          0 |       0 |    0 |     0 |      0 |      0 |    0 |          0 |
|       U0                                                                    |                                                               itch_zcu106_system_axi_dma_0_1_axi_dma |        446 |        413 |       0 |   33 |   710 |      1 |      0 |    0 |          0 |
|         INCLUDE_MM2S_SOF_EOF_GENERATOR.I_MM2S_DMA_MNGR                      |                                                     itch_zcu106_system_axi_dma_0_1_axi_dma_mm2s_mngr |         16 |         16 |       0 |    0 |    64 |      0 |      0 |    0 |          0 |
|           (INCLUDE_MM2S_SOF_EOF_GENERATOR.I_MM2S_DMA_MNGR)                  |                                                     itch_zcu106_system_axi_dma_0_1_axi_dma_mm2s_mngr |          0 |          0 |       0 |    0 |     1 |      0 |      0 |    0 |          0 |
|           GEN_MM2S_DMA_CONTROL.GEN_SIMPLE_DMA_MODE.I_MM2S_SMPL_SM           |                                                      itch_zcu106_system_axi_dma_0_1_axi_dma_smple_sm |          8 |          8 |       0 |    0 |    53 |      0 |      0 |    0 |          0 |
|           GEN_MM2S_DMA_CONTROL.I_MM2S_CMDSTS                                |                                                itch_zcu106_system_axi_dma_0_1_axi_dma_mm2s_cmdsts_if |          5 |          5 |       0 |    0 |     7 |      0 |      0 |    0 |          0 |
|           GEN_MM2S_DMA_CONTROL.I_MM2S_STS_MNGR                              |                                                 itch_zcu106_system_axi_dma_0_1_axi_dma_mm2s_sts_mngr |          3 |          3 |       0 |    0 |     3 |      0 |      0 |    0 |          0 |
|         I_AXI_DMA_REG_MODULE                                                |                                                    itch_zcu106_system_axi_dma_0_1_axi_dma_reg_module |         69 |         69 |       0 |    0 |   159 |      0 |      0 |    0 |          0 |
|           GEN_AXI_LITE_IF.AXI_LITE_IF_I                                     |                                                       itch_zcu106_system_axi_dma_0_1_axi_dma_lite_if |         39 |         39 |       0 |    0 |    81 |      0 |      0 |    0 |          0 |
|           GEN_MM2S_REGISTERS.I_MM2S_DMA_REGISTER                            |                                                      itch_zcu106_system_axi_dma_0_1_axi_dma_register |         31 |         31 |       0 |    0 |    78 |      0 |      0 |    0 |          0 |
|         I_PRMRY_DATAMOVER                                                   |                                                         itch_zcu106_system_axi_dma_0_1_axi_datamover |        355 |        322 |       0 |   33 |   463 |      1 |      0 |    0 |          0 |
|           GEN_MM2S_FULL.I_MM2S_FULL_WRAPPER                                 |                                          itch_zcu106_system_axi_dma_0_1_axi_datamover_mm2s_full_wrap |        355 |        322 |       0 |   33 |   463 |      1 |      0 |    0 |          0 |
|             ENABLE_AXIS_SKID.I_MM2S_SKID_BUF                                |                                                itch_zcu106_system_axi_dma_0_1_axi_datamover_skid_buf |         39 |         39 |       0 |    0 |    80 |      0 |      0 |    0 |          0 |
|             GEN_INCLUDE_MM2S_SF.I_RD_SF                                     |                                                   itch_zcu106_system_axi_dma_0_1_axi_datamover_rd_sf |         78 |         78 |       0 |    0 |    63 |      1 |      0 |    0 |          0 |
|               (GEN_INCLUDE_MM2S_SF.I_RD_SF)                                 |                                                   itch_zcu106_system_axi_dma_0_1_axi_datamover_rd_sf |          5 |          5 |       0 |    0 |     6 |      0 |      0 |    0 |          0 |
|               I_DATA_FIFO                                                   |                                            itch_zcu106_system_axi_dma_0_1_axi_datamover_sfifo_autord |         69 |         69 |       0 |    0 |    51 |      1 |      0 |    0 |          0 |
|                 BLK_MEM.I_SYNC_FIFOGEN_FIFO                                 |                                                          itch_zcu106_system_axi_dma_0_1_sync_fifo_fg |         69 |         69 |       0 |    0 |    51 |      1 |      0 |    0 |          0 |
|                   (BLK_MEM.I_SYNC_FIFOGEN_FIFO)                             |                                                          itch_zcu106_system_axi_dma_0_1_sync_fifo_fg |          9 |          9 |       0 |    0 |     0 |      0 |      0 |    0 |          0 |
|                   xpm_fifo_instance.xpm_fifo_sync_inst                      |                                                         itch_zcu106_system_axi_dma_0_1_xpm_fifo_sync |         60 |         60 |       0 |    0 |    51 |      1 |      0 |    0 |          0 |
|                     xpm_fifo_base_inst                                      |                                                         itch_zcu106_system_axi_dma_0_1_xpm_fifo_base |         60 |         60 |       0 |    0 |    51 |      1 |      0 |    0 |          0 |
|                       (xpm_fifo_base_inst)                                  |                                                         itch_zcu106_system_axi_dma_0_1_xpm_fifo_base |          2 |          2 |       0 |    0 |     9 |      0 |      0 |    0 |          0 |
|                       gen_fwft.rdpp1_inst                                   |                                      itch_zcu106_system_axi_dma_0_1_xpm_counter_updn__parameterized1 |          5 |          5 |       0 |    0 |     2 |      0 |      0 |    0 |          0 |
|                       gen_sdpram.xpm_memory_base_inst                       |                                                       itch_zcu106_system_axi_dma_0_1_xpm_memory_base |          0 |          0 |       0 |    0 |     0 |      1 |      0 |    0 |          0 |
|                       rdp_inst                                              |                                      itch_zcu106_system_axi_dma_0_1_xpm_counter_updn__parameterized2 |         23 |         23 |       0 |    0 |     9 |      0 |      0 |    0 |          0 |
|                       rdpp1_inst                                            |                                      itch_zcu106_system_axi_dma_0_1_xpm_counter_updn__parameterized3 |          8 |          8 |       0 |    0 |     8 |      0 |      0 |    0 |          0 |
|                       rst_d1_inst                                           |                                                      itch_zcu106_system_axi_dma_0_1_xpm_fifo_reg_bit |          1 |          1 |       0 |    0 |     1 |      0 |      0 |    0 |          0 |
|                       wrp_inst                                              |                                    itch_zcu106_system_axi_dma_0_1_xpm_counter_updn__parameterized2_3 |         18 |         18 |       0 |    0 |     9 |      0 |      0 |    0 |          0 |
|                       wrpp1_inst                                            |                                    itch_zcu106_system_axi_dma_0_1_xpm_counter_updn__parameterized3_4 |          8 |          8 |       0 |    0 |     8 |      0 |      0 |    0 |          0 |
|                       xpm_fifo_rst_inst                                     |                                                          itch_zcu106_system_axi_dma_0_1_xpm_fifo_rst |          3 |          3 |       0 |    0 |     5 |      0 |      0 |    0 |          0 |
|               OMIT_DRE_CNTL.I_DRE_CNTL_FIFO                                 |                                    itch_zcu106_system_axi_dma_0_1_axi_datamover_fifo__parameterized3 |          4 |          4 |       0 |    0 |     6 |      0 |      0 |    0 |          0 |
|                 (OMIT_DRE_CNTL.I_DRE_CNTL_FIFO)                             |                                    itch_zcu106_system_axi_dma_0_1_axi_datamover_fifo__parameterized3 |          1 |          1 |       0 |    0 |     2 |      0 |      0 |    0 |          0 |
|                 USE_SRL_FIFO.I_SYNC_FIFO                                    |                                            itch_zcu106_system_axi_dma_0_1_srl_fifo_f__parameterized1 |          3 |          3 |       0 |    0 |     4 |      0 |      0 |    0 |          0 |
|                   I_SRL_FIFO_RBU_F                                          |                                        itch_zcu106_system_axi_dma_0_1_srl_fifo_rbu_f__parameterized1 |          3 |          3 |       0 |    0 |     4 |      0 |      0 |    0 |          0 |
|                     (I_SRL_FIFO_RBU_F)                                      |                                        itch_zcu106_system_axi_dma_0_1_srl_fifo_rbu_f__parameterized1 |          0 |          0 |       0 |    0 |     1 |      0 |      0 |    0 |          0 |
|                     CNTR_INCR_DECR_ADDN_F_I                                 |                                               itch_zcu106_system_axi_dma_0_1_cntr_incr_decr_addn_f_2 |          3 |          3 |       0 |    0 |     3 |      0 |      0 |    0 |          0 |
|             I_ADDR_CNTL                                                     |                                               itch_zcu106_system_axi_dma_0_1_axi_datamover_addr_cntl |         32 |          8 |       0 |   24 |    51 |      0 |      0 |    0 |          0 |
|               (I_ADDR_CNTL)                                                 |                                               itch_zcu106_system_axi_dma_0_1_axi_datamover_addr_cntl |          1 |          1 |       0 |    0 |    45 |      0 |      0 |    0 |          0 |
|               GEN_ADDR_FIFO.I_ADDR_QUAL_FIFO                                |                                    itch_zcu106_system_axi_dma_0_1_axi_datamover_fifo__parameterized1 |         31 |          7 |       0 |   24 |     6 |      0 |      0 |    0 |          0 |
|                 (GEN_ADDR_FIFO.I_ADDR_QUAL_FIFO)                            |                                    itch_zcu106_system_axi_dma_0_1_axi_datamover_fifo__parameterized1 |          1 |          1 |       0 |    0 |     2 |      0 |      0 |    0 |          0 |
|                 USE_SRL_FIFO.I_SYNC_FIFO                                    |                                                            itch_zcu106_system_axi_dma_0_1_srl_fifo_f |         30 |          6 |       0 |   24 |     4 |      0 |      0 |    0 |          0 |
|                   I_SRL_FIFO_RBU_F                                          |                                                        itch_zcu106_system_axi_dma_0_1_srl_fifo_rbu_f |         30 |          6 |       0 |   24 |     4 |      0 |      0 |    0 |          0 |
|                     (I_SRL_FIFO_RBU_F)                                      |                                                        itch_zcu106_system_axi_dma_0_1_srl_fifo_rbu_f |          0 |          0 |       0 |    0 |     1 |      0 |      0 |    0 |          0 |
|                     CNTR_INCR_DECR_ADDN_F_I                                 |                                               itch_zcu106_system_axi_dma_0_1_cntr_incr_decr_addn_f_1 |          4 |          4 |       0 |    0 |     3 |      0 |      0 |    0 |          0 |
|                     DYNSHREG_F_I                                            |                                                            itch_zcu106_system_axi_dma_0_1_dynshreg_f |         26 |          2 |       0 |   24 |     0 |      0 |      0 |    0 |          0 |
|             I_CMD_STATUS                                                    |                                              itch_zcu106_system_axi_dma_0_1_axi_datamover_cmd_status |          9 |          9 |       0 |    0 |    59 |      0 |      0 |    0 |          0 |
|               GEN_INCLUDE_STATUS_FIFO.I_STS_FIFO                            |                                    itch_zcu106_system_axi_dma_0_1_axi_datamover_fifo__parameterized0 |          4 |          4 |       0 |    0 |     6 |      0 |      0 |    0 |          0 |
|               I_CMD_FIFO                                                    |                                                    itch_zcu106_system_axi_dma_0_1_axi_datamover_fifo |          5 |          5 |       0 |    0 |    53 |      0 |      0 |    0 |          0 |
|             I_MSTR_PCC                                                      |                                                     itch_zcu106_system_axi_dma_0_1_axi_datamover_pcc |        139 |        139 |       0 |    0 |   159 |      0 |      0 |    0 |          0 |
|               (I_MSTR_PCC)                                                  |                                                     itch_zcu106_system_axi_dma_0_1_axi_datamover_pcc |        138 |        138 |       0 |    0 |   159 |      0 |      0 |    0 |          0 |
|               I_STRT_STRB_GEN                                               |                                               itch_zcu106_system_axi_dma_0_1_axi_datamover_strb_gen2 |          1 |          1 |       0 |    0 |     0 |      0 |      0 |    0 |          0 |
|             I_RD_DATA_CNTL                                                  |                                             itch_zcu106_system_axi_dma_0_1_axi_datamover_rddata_cntl |         56 |         47 |       0 |    9 |    43 |      0 |      0 |    0 |          0 |
|               (I_RD_DATA_CNTL)                                              |                                             itch_zcu106_system_axi_dma_0_1_axi_datamover_rddata_cntl |         24 |         24 |       0 |    0 |    37 |      0 |      0 |    0 |          0 |
|               GEN_DATA_CNTL_FIFO.I_DATA_CNTL_FIFO                           |                                    itch_zcu106_system_axi_dma_0_1_axi_datamover_fifo__parameterized2 |         33 |         24 |       0 |    9 |     6 |      0 |      0 |    0 |          0 |
|                 (GEN_DATA_CNTL_FIFO.I_DATA_CNTL_FIFO)                       |                                    itch_zcu106_system_axi_dma_0_1_axi_datamover_fifo__parameterized2 |          1 |          1 |       0 |    0 |     2 |      0 |      0 |    0 |          0 |
|                 USE_SRL_FIFO.I_SYNC_FIFO                                    |                                            itch_zcu106_system_axi_dma_0_1_srl_fifo_f__parameterized0 |         32 |         23 |       0 |    9 |     4 |      0 |      0 |    0 |          0 |
|                   I_SRL_FIFO_RBU_F                                          |                                        itch_zcu106_system_axi_dma_0_1_srl_fifo_rbu_f__parameterized0 |         32 |         23 |       0 |    9 |     4 |      0 |      0 |    0 |          0 |
|                     (I_SRL_FIFO_RBU_F)                                      |                                        itch_zcu106_system_axi_dma_0_1_srl_fifo_rbu_f__parameterized0 |          0 |          0 |       0 |    0 |     1 |      0 |      0 |    0 |          0 |
|                     CNTR_INCR_DECR_ADDN_F_I                                 |                                                 itch_zcu106_system_axi_dma_0_1_cntr_incr_decr_addn_f |         16 |         16 |       0 |    0 |     3 |      0 |      0 |    0 |          0 |
|                     DYNSHREG_F_I                                            |                                            itch_zcu106_system_axi_dma_0_1_dynshreg_f__parameterized0 |         16 |          7 |       0 |    9 |     0 |      0 |      0 |    0 |          0 |
|             I_RD_STATUS_CNTLR                                               |                                          itch_zcu106_system_axi_dma_0_1_axi_datamover_rd_status_cntl |          3 |          3 |       0 |    0 |     5 |      0 |      0 |    0 |          0 |
|             I_RESET                                                         |                                                   itch_zcu106_system_axi_dma_0_1_axi_datamover_reset |          3 |          3 |       0 |    0 |     3 |      0 |      0 |    0 |          0 |
|         I_RST_MODULE                                                        |                                                    itch_zcu106_system_axi_dma_0_1_axi_dma_rst_module |          6 |          6 |       0 |    0 |    24 |      0 |      0 |    0 |          0 |
|           (I_RST_MODULE)                                                    |                                                    itch_zcu106_system_axi_dma_0_1_axi_dma_rst_module |          1 |          1 |       0 |    0 |     1 |      0 |      0 |    0 |          0 |
|           GEN_RESET_FOR_MM2S.RESET_I                                        |                                                         itch_zcu106_system_axi_dma_0_1_axi_dma_reset |          5 |          5 |       0 |    0 |    15 |      0 |      0 |    0 |          0 |
|           REG_HRD_RST                                                       |                                                              itch_zcu106_system_axi_dma_0_1_cdc_sync |          0 |          0 |       0 |    0 |     4 |      0 |      0 |    0 |          0 |
|           REG_HRD_RST_OUT                                                   |                                                            itch_zcu106_system_axi_dma_0_1_cdc_sync_0 |          0 |          0 |       0 |    0 |     4 |      0 |      0 |    0 |          0 |
|     axi_gpio_bbo_ask                                                        |                                                                      itch_zcu106_system_axi_gpio_1_1 |        125 |        125 |       0 |    0 |   542 |      0 |      0 |    0 |          0 |
|       U0                                                                    |                                                             itch_zcu106_system_axi_gpio_1_1_axi_gpio |        125 |        125 |       0 |    0 |   542 |      0 |      0 |    0 |          0 |
|         (U0)                                                                |                                                             itch_zcu106_system_axi_gpio_1_1_axi_gpio |          0 |          0 |       0 |    0 |    34 |      0 |      0 |    0 |          0 |
|         AXI_LITE_IPIF_I                                                     |                                                        itch_zcu106_system_axi_gpio_1_1_axi_lite_ipif |         59 |         59 |       0 |    0 |    58 |      0 |      0 |    0 |          0 |
|           I_SLAVE_ATTACHMENT                                                |                                                     itch_zcu106_system_axi_gpio_1_1_slave_attachment |         59 |         59 |       0 |    0 |    58 |      0 |      0 |    0 |          0 |
|             (I_SLAVE_ATTACHMENT)                                            |                                                     itch_zcu106_system_axi_gpio_1_1_slave_attachment |         16 |         16 |       0 |    0 |    52 |      0 |      0 |    0 |          0 |
|             I_DECODER                                                       |                                                      itch_zcu106_system_axi_gpio_1_1_address_decoder |         43 |         43 |       0 |    0 |     6 |      0 |      0 |    0 |          0 |
|               (I_DECODER)                                                   |                                                      itch_zcu106_system_axi_gpio_1_1_address_decoder |         42 |         42 |       0 |    0 |     6 |      0 |      0 |    0 |          0 |
|               MEM_DECODE_GEN[0].PER_CE_GEN[0].MULTIPLE_CES_THIS_CS_GEN.CE_I |                                                            itch_zcu106_system_axi_gpio_1_1_pselect_f |          1 |          1 |       0 |    0 |     0 |      0 |      0 |    0 |          0 |
|               MEM_DECODE_GEN[0].PER_CE_GEN[2].MULTIPLE_CES_THIS_CS_GEN.CE_I |                                            itch_zcu106_system_axi_gpio_1_1_pselect_f__parameterized1 |          1 |          1 |       0 |    0 |     0 |      0 |      0 |    0 |          0 |
|         gpio_core_1                                                         |                                                            itch_zcu106_system_axi_gpio_1_1_GPIO_Core |         66 |         66 |       0 |    0 |   450 |      0 |      0 |    0 |          0 |
|           (gpio_core_1)                                                     |                                                            itch_zcu106_system_axi_gpio_1_1_GPIO_Core |         66 |         66 |       0 |    0 |   194 |      0 |      0 |    0 |          0 |
|           Dual.INPUT_DOUBLE_REGS4                                           |                                                             itch_zcu106_system_axi_gpio_1_1_cdc_sync |          0 |          0 |       0 |    0 |   128 |      0 |      0 |    0 |          0 |
|           Dual.INPUT_DOUBLE_REGS5                                           |                                                           itch_zcu106_system_axi_gpio_1_1_cdc_sync_0 |          0 |          0 |       0 |    0 |   128 |      0 |      0 |    0 |          0 |
|     axi_gpio_bbo_bid                                                        |                                                                      itch_zcu106_system_axi_gpio_1_0 |        124 |        124 |       0 |    0 |   542 |      0 |      0 |    0 |          0 |
|       U0                                                                    |                                                             itch_zcu106_system_axi_gpio_1_0_axi_gpio |        124 |        124 |       0 |    0 |   542 |      0 |      0 |    0 |          0 |
|         (U0)                                                                |                                                             itch_zcu106_system_axi_gpio_1_0_axi_gpio |          0 |          0 |       0 |    0 |    34 |      0 |      0 |    0 |          0 |
|         AXI_LITE_IPIF_I                                                     |                                                        itch_zcu106_system_axi_gpio_1_0_axi_lite_ipif |         59 |         59 |       0 |    0 |    58 |      0 |      0 |    0 |          0 |
|           I_SLAVE_ATTACHMENT                                                |                                                     itch_zcu106_system_axi_gpio_1_0_slave_attachment |         59 |         59 |       0 |    0 |    58 |      0 |      0 |    0 |          0 |
|             (I_SLAVE_ATTACHMENT)                                            |                                                     itch_zcu106_system_axi_gpio_1_0_slave_attachment |         16 |         16 |       0 |    0 |    52 |      0 |      0 |    0 |          0 |
|             I_DECODER                                                       |                                                      itch_zcu106_system_axi_gpio_1_0_address_decoder |         43 |         43 |       0 |    0 |     6 |      0 |      0 |    0 |          0 |
|               (I_DECODER)                                                   |                                                      itch_zcu106_system_axi_gpio_1_0_address_decoder |         42 |         42 |       0 |    0 |     6 |      0 |      0 |    0 |          0 |
|               MEM_DECODE_GEN[0].PER_CE_GEN[0].MULTIPLE_CES_THIS_CS_GEN.CE_I |                                                            itch_zcu106_system_axi_gpio_1_0_pselect_f |          1 |          1 |       0 |    0 |     0 |      0 |      0 |    0 |          0 |
|               MEM_DECODE_GEN[0].PER_CE_GEN[2].MULTIPLE_CES_THIS_CS_GEN.CE_I |                                            itch_zcu106_system_axi_gpio_1_0_pselect_f__parameterized1 |          1 |          1 |       0 |    0 |     0 |      0 |      0 |    0 |          0 |
|         gpio_core_1                                                         |                                                            itch_zcu106_system_axi_gpio_1_0_GPIO_Core |         66 |         66 |       0 |    0 |   450 |      0 |      0 |    0 |          0 |
|           (gpio_core_1)                                                     |                                                            itch_zcu106_system_axi_gpio_1_0_GPIO_Core |         66 |         66 |       0 |    0 |   194 |      0 |      0 |    0 |          0 |
|           Dual.INPUT_DOUBLE_REGS4                                           |                                                             itch_zcu106_system_axi_gpio_1_0_cdc_sync |          0 |          0 |       0 |    0 |   128 |      0 |      0 |    0 |          0 |
|           Dual.INPUT_DOUBLE_REGS5                                           |                                                           itch_zcu106_system_axi_gpio_1_0_cdc_sync_0 |          0 |          0 |       0 |    0 |   128 |      0 |      0 |    0 |          0 |
|     axi_gpio_meta                                                           |                                                                      itch_zcu106_system_axi_gpio_1_2 |        110 |        110 |       0 |    0 |   332 |      0 |      0 |    0 |          0 |
|       U0                                                                    |                                                             itch_zcu106_system_axi_gpio_1_2_axi_gpio |        110 |        110 |       0 |    0 |   332 |      0 |      0 |    0 |          0 |
|         (U0)                                                                |                                                             itch_zcu106_system_axi_gpio_1_2_axi_gpio |          0 |          0 |       0 |    0 |    34 |      0 |      0 |    0 |          0 |
|         AXI_LITE_IPIF_I                                                     |                                                        itch_zcu106_system_axi_gpio_1_2_axi_lite_ipif |         74 |         74 |       0 |    0 |    58 |      0 |      0 |    0 |          0 |
|           I_SLAVE_ATTACHMENT                                                |                                                     itch_zcu106_system_axi_gpio_1_2_slave_attachment |         74 |         74 |       0 |    0 |    58 |      0 |      0 |    0 |          0 |
|             (I_SLAVE_ATTACHMENT)                                            |                                                     itch_zcu106_system_axi_gpio_1_2_slave_attachment |         16 |         16 |       0 |    0 |    52 |      0 |      0 |    0 |          0 |
|             I_DECODER                                                       |                                                      itch_zcu106_system_axi_gpio_1_2_address_decoder |         59 |         59 |       0 |    0 |     6 |      0 |      0 |    0 |          0 |
|               (I_DECODER)                                                   |                                                      itch_zcu106_system_axi_gpio_1_2_address_decoder |         58 |         58 |       0 |    0 |     6 |      0 |      0 |    0 |          0 |
|               MEM_DECODE_GEN[0].PER_CE_GEN[0].MULTIPLE_CES_THIS_CS_GEN.CE_I |                                                            itch_zcu106_system_axi_gpio_1_2_pselect_f |          1 |          1 |       0 |    0 |     0 |      0 |      0 |    0 |          0 |
|               MEM_DECODE_GEN[0].PER_CE_GEN[2].MULTIPLE_CES_THIS_CS_GEN.CE_I |                                            itch_zcu106_system_axi_gpio_1_2_pselect_f__parameterized1 |          1 |          1 |       0 |    0 |     0 |      0 |      0 |    0 |          0 |
|         gpio_core_1                                                         |                                                            itch_zcu106_system_axi_gpio_1_2_GPIO_Core |         36 |         36 |       0 |    0 |   240 |      0 |      0 |    0 |          0 |
|           (gpio_core_1)                                                     |                                                            itch_zcu106_system_axi_gpio_1_2_GPIO_Core |         36 |         36 |       0 |    0 |   104 |      0 |      0 |    0 |          0 |
|           Dual.INPUT_DOUBLE_REGS4                                           |                                                             itch_zcu106_system_axi_gpio_1_2_cdc_sync |          0 |          0 |       0 |    0 |     8 |      0 |      0 |    0 |          0 |
|           Dual.INPUT_DOUBLE_REGS5                                           |                                             itch_zcu106_system_axi_gpio_1_2_cdc_sync__parameterized0 |          0 |          0 |       0 |    0 |   128 |      0 |      0 |    0 |          0 |
|     axi_gpio_price                                                          |                                                                      itch_zcu106_system_axi_gpio_0_0 |         60 |         60 |       0 |    0 |   222 |      0 |      0 |    0 |          0 |
|       U0                                                                    |                                                             itch_zcu106_system_axi_gpio_0_0_axi_gpio |         60 |         60 |       0 |    0 |   222 |      0 |      0 |    0 |          0 |
|         (U0)                                                                |                                                             itch_zcu106_system_axi_gpio_0_0_axi_gpio |          0 |          0 |       0 |    0 |    34 |      0 |      0 |    0 |          0 |
|         AXI_LITE_IPIF_I                                                     |                                                        itch_zcu106_system_axi_gpio_0_0_axi_lite_ipif |         59 |         59 |       0 |    0 |    58 |      0 |      0 |    0 |          0 |
|           I_SLAVE_ATTACHMENT                                                |                                                     itch_zcu106_system_axi_gpio_0_0_slave_attachment |         59 |         59 |       0 |    0 |    58 |      0 |      0 |    0 |          0 |
|             (I_SLAVE_ATTACHMENT)                                            |                                                     itch_zcu106_system_axi_gpio_0_0_slave_attachment |         16 |         16 |       0 |    0 |    52 |      0 |      0 |    0 |          0 |
|             I_DECODER                                                       |                                                      itch_zcu106_system_axi_gpio_0_0_address_decoder |         43 |         43 |       0 |    0 |     6 |      0 |      0 |    0 |          0 |
|               (I_DECODER)                                                   |                                                      itch_zcu106_system_axi_gpio_0_0_address_decoder |         42 |         42 |       0 |    0 |     6 |      0 |      0 |    0 |          0 |
|               MEM_DECODE_GEN[0].PER_CE_GEN[0].MULTIPLE_CES_THIS_CS_GEN.CE_I |                                                            itch_zcu106_system_axi_gpio_0_0_pselect_f |          1 |          1 |       0 |    0 |     0 |      0 |      0 |    0 |          0 |
|               MEM_DECODE_GEN[0].PER_CE_GEN[2].MULTIPLE_CES_THIS_CS_GEN.CE_I |                                            itch_zcu106_system_axi_gpio_0_0_pselect_f__parameterized1 |          1 |          1 |       0 |    0 |     0 |      0 |      0 |    0 |          0 |
|         gpio_core_1                                                         |                                                            itch_zcu106_system_axi_gpio_0_0_GPIO_Core |          2 |          2 |       0 |    0 |   130 |      0 |      0 |    0 |          0 |
|     axi_gpio_price1                                                         |                                                                  itch_zcu106_system_axi_gpio_price_0 |         59 |         59 |       0 |    0 |   158 |      0 |      0 |    0 |          0 |
|       U0                                                                    |                                                         itch_zcu106_system_axi_gpio_price_0_axi_gpio |         59 |         59 |       0 |    0 |   158 |      0 |      0 |    0 |          0 |
|         (U0)                                                                |                                                         itch_zcu106_system_axi_gpio_price_0_axi_gpio |          0 |          0 |       0 |    0 |    34 |      0 |      0 |    0 |          0 |
|         AXI_LITE_IPIF_I                                                     |                                                    itch_zcu106_system_axi_gpio_price_0_axi_lite_ipif |         24 |         24 |       0 |    0 |    58 |      0 |      0 |    0 |          0 |
|           I_SLAVE_ATTACHMENT                                                |                                                 itch_zcu106_system_axi_gpio_price_0_slave_attachment |         24 |         24 |       0 |    0 |    58 |      0 |      0 |    0 |          0 |
|             (I_SLAVE_ATTACHMENT)                                            |                                                 itch_zcu106_system_axi_gpio_price_0_slave_attachment |         16 |         16 |       0 |    0 |    52 |      0 |      0 |    0 |          0 |
|             I_DECODER                                                       |                                                  itch_zcu106_system_axi_gpio_price_0_address_decoder |          8 |          8 |       0 |    0 |     6 |      0 |      0 |    0 |          0 |
|               (I_DECODER)                                                   |                                                  itch_zcu106_system_axi_gpio_price_0_address_decoder |          7 |          7 |       0 |    0 |     6 |      0 |      0 |    0 |          0 |
|               MEM_DECODE_GEN[0].PER_CE_GEN[0].MULTIPLE_CES_THIS_CS_GEN.CE_I |                                                        itch_zcu106_system_axi_gpio_price_0_pselect_f |          1 |          1 |       0 |    0 |     0 |      0 |      0 |    0 |          0 |
|               MEM_DECODE_GEN[0].PER_CE_GEN[2].MULTIPLE_CES_THIS_CS_GEN.CE_I |                                        itch_zcu106_system_axi_gpio_price_0_pselect_f__parameterized1 |          1 |          1 |       0 |    0 |     0 |      0 |      0 |    0 |          0 |
|         gpio_core_1                                                         |                                                        itch_zcu106_system_axi_gpio_price_0_GPIO_Core |         35 |         35 |       0 |    0 |    66 |      0 |      0 |    0 |          0 |
|     axi_interconnect_0                                                      |                                                              itch_zcu106_system_axi_interconnect_0_0 |        228 |        203 |       0 |   25 |   363 |      0 |      0 |    0 |          0 |
|       s00_couplers                                                          |                                                                              s00_couplers_imp_MN9DM3 |        228 |        203 |       0 |   25 |   363 |      0 |      0 |    0 |          0 |
|         auto_us                                                             |                                                                         itch_zcu106_system_auto_us_0 |        228 |        203 |       0 |   25 |   363 |      0 |      0 |    0 |          0 |
|           inst                                                              |                                        itch_zcu106_system_auto_us_0_axi_dwidth_converter_v2_1_29_top |        228 |        203 |       0 |   25 |   363 |      0 |      0 |    0 |          0 |
|             gen_upsizer.gen_full_upsizer.axi_upsizer_inst                   |                                itch_zcu106_system_auto_us_0_axi_dwidth_converter_v2_1_29_axi_upsizer |        228 |        203 |       0 |   25 |   363 |      0 |      0 |    0 |          0 |
|               USE_READ.gen_non_fifo_r_upsizer.mi_register_slice_inst        |                           itch_zcu106_system_auto_us_0_axi_register_slice_v2_1_29_axi_register_slice |        102 |        102 |       0 |    0 |   264 |      0 |      0 |    0 |          0 |
|                 r.r_pipe                                                    |          itch_zcu106_system_auto_us_0_axi_register_slice_v2_1_29_axic_register_slice__parameterized2 |        102 |        102 |       0 |    0 |   264 |      0 |      0 |    0 |          0 |
|               USE_READ.gen_non_fifo_r_upsizer.read_data_inst                |                                  itch_zcu106_system_auto_us_0_axi_dwidth_converter_v2_1_29_r_upsizer |         27 |         27 |       0 |    0 |    20 |      0 |      0 |    0 |          0 |
|               USE_READ.read_addr_inst                                       |                                  itch_zcu106_system_auto_us_0_axi_dwidth_converter_v2_1_29_a_upsizer |         58 |         33 |       0 |   25 |    34 |      0 |      0 |    0 |          0 |
|                 (USE_READ.read_addr_inst)                                   |                                  itch_zcu106_system_auto_us_0_axi_dwidth_converter_v2_1_29_a_upsizer |          0 |          0 |       0 |    0 |     1 |      0 |      0 |    0 |          0 |
|                 GEN_CMD_QUEUE.cmd_queue                                     |                                  itch_zcu106_system_auto_us_0_generic_baseblocks_v2_1_1_command_fifo |         58 |         33 |       0 |   25 |    33 |      0 |      0 |    0 |          0 |
|               si_register_slice_inst                                        |           itch_zcu106_system_auto_us_0_axi_register_slice_v2_1_29_axi_register_slice__parameterized0 |         44 |         44 |       0 |    0 |    45 |      0 |      0 |    0 |          0 |
|                 ar.ar_pipe                                                  |                          itch_zcu106_system_auto_us_0_axi_register_slice_v2_1_29_axic_register_slice |         44 |         44 |       0 |    0 |    45 |      0 |      0 |    0 |          0 |
|     axis_clock_converter_0                                                  |                                                          itch_zcu106_system_axis_clock_converter_0_0 |         83 |         59 |      24 |    0 |   158 |      0 |      0 |    0 |          0 |
|       inst                                                                  |        itch_zcu106_system_axis_clock_converter_0_0_axis_clock_converter_v1_1_30_axis_clock_converter |         83 |         59 |      24 |    0 |   158 |      0 |      0 |    0 |          0 |
|         gen_async_conv.axisc_async_clock_converter_0                        | itch_zcu106_system_axis_clock_converter_0_0_axis_clock_converter_v1_1_30_axisc_async_clock_converter |         83 |         59 |      24 |    0 |   158 |      0 |      0 |    0 |          0 |
|           (gen_async_conv.axisc_async_clock_converter_0)                    | itch_zcu106_system_axis_clock_converter_0_0_axis_clock_converter_v1_1_30_axisc_async_clock_converter |          2 |          2 |       0 |    0 |     1 |      0 |      0 |    0 |          0 |
|           inst_xpm_cdc_sync_rst                                             |                                         itch_zcu106_system_axis_clock_converter_0_0_xpm_cdc_sync_rst |          0 |          0 |       0 |    0 |     2 |      0 |      0 |    0 |          0 |
|           xpm_fifo_async_inst                                               |                                           itch_zcu106_system_axis_clock_converter_0_0_xpm_fifo_async |         81 |         57 |      24 |    0 |   155 |      0 |      0 |    0 |          0 |
|             gnuram_async_fifo.xpm_fifo_base_inst                            |                                            itch_zcu106_system_axis_clock_converter_0_0_xpm_fifo_base |         81 |         57 |      24 |    0 |   155 |      0 |      0 |    0 |          0 |
|               (gnuram_async_fifo.xpm_fifo_base_inst)                        |                                            itch_zcu106_system_axis_clock_converter_0_0_xpm_fifo_base |          3 |          3 |       0 |    0 |     6 |      0 |      0 |    0 |          0 |
|               gen_cdc_pntr.rd_pntr_cdc_inst                                 |                                             itch_zcu106_system_axis_clock_converter_0_0_xpm_cdc_gray |          6 |          6 |       0 |    0 |    15 |      0 |      0 |    0 |          0 |
|               gen_cdc_pntr.rpw_gray_reg                                     |                                         itch_zcu106_system_axis_clock_converter_0_0_xpm_fifo_reg_vec |          2 |          2 |       0 |    0 |     5 |      0 |      0 |    0 |          0 |
|               gen_cdc_pntr.wpr_gray_reg                                     |                                       itch_zcu106_system_axis_clock_converter_0_0_xpm_fifo_reg_vec_0 |          3 |          3 |       0 |    0 |     5 |      0 |      0 |    0 |          0 |
|               gen_cdc_pntr.wr_pntr_cdc_inst                                 |                                          itch_zcu106_system_axis_clock_converter_0_0_xpm_cdc_gray__2 |          6 |          6 |       0 |    0 |    15 |      0 |      0 |    0 |          0 |
|               gen_sdpram.xpm_memory_base_inst                               |                                          itch_zcu106_system_axis_clock_converter_0_0_xpm_memory_base |         24 |          0 |      24 |    0 |    66 |      0 |      0 |    0 |          0 |
|               rdp_inst                                                      |                         itch_zcu106_system_axis_clock_converter_0_0_xpm_counter_updn__parameterized0 |          5 |          5 |       0 |    0 |     5 |      0 |      0 |    0 |          0 |
|               rdpp1_inst                                                    |                         itch_zcu106_system_axis_clock_converter_0_0_xpm_counter_updn__parameterized1 |          5 |          5 |       0 |    0 |     5 |      0 |      0 |    0 |          0 |
|               rst_d1_inst                                                   |                                         itch_zcu106_system_axis_clock_converter_0_0_xpm_fifo_reg_bit |          2 |          2 |       0 |    0 |     1 |      0 |      0 |    0 |          0 |
|               wrp_inst                                                      |                       itch_zcu106_system_axis_clock_converter_0_0_xpm_counter_updn__parameterized0_1 |          3 |          3 |       0 |    0 |     5 |      0 |      0 |    0 |          0 |
|               wrpp1_inst                                                    |                       itch_zcu106_system_axis_clock_converter_0_0_xpm_counter_updn__parameterized1_2 |          4 |          4 |       0 |    0 |     5 |      0 |      0 |    0 |          0 |
|               wrpp2_inst                                                    |                         itch_zcu106_system_axis_clock_converter_0_0_xpm_counter_updn__parameterized2 |          4 |          4 |       0 |    0 |     5 |      0 |      0 |    0 |          0 |
|               xpm_fifo_rst_inst                                             |                                             itch_zcu106_system_axis_clock_converter_0_0_xpm_fifo_rst |         15 |         15 |       0 |    0 |    17 |      0 |      0 |    0 |          0 |
|                 (xpm_fifo_rst_inst)                                         |                                             itch_zcu106_system_axis_clock_converter_0_0_xpm_fifo_rst |         15 |         15 |       0 |    0 |    13 |      0 |      0 |    0 |          0 |
|                 gen_rst_ic.rrst_wr_inst                                     |                         itch_zcu106_system_axis_clock_converter_0_0_xpm_cdc_sync_rst__parameterized0 |          0 |          0 |       0 |    0 |     2 |      0 |      0 |    0 |          0 |
|                 gen_rst_ic.wrst_rd_inst                                     |                      itch_zcu106_system_axis_clock_converter_0_0_xpm_cdc_sync_rst__parameterized0__2 |          0 |          0 |       0 |    0 |     2 |      0 |      0 |    0 |          0 |
|     axis_clock_converter_1                                                  |                                                          itch_zcu106_system_axis_clock_converter_1_0 |         82 |         58 |      24 |    0 |   158 |      0 |      0 |    0 |          0 |
|       inst                                                                  |        itch_zcu106_system_axis_clock_converter_1_0_axis_clock_converter_v1_1_30_axis_clock_converter |         82 |         58 |      24 |    0 |   158 |      0 |      0 |    0 |          0 |
|         gen_async_conv.axisc_async_clock_converter_0                        | itch_zcu106_system_axis_clock_converter_1_0_axis_clock_converter_v1_1_30_axisc_async_clock_converter |         82 |         58 |      24 |    0 |   158 |      0 |      0 |    0 |          0 |
|           (gen_async_conv.axisc_async_clock_converter_0)                    | itch_zcu106_system_axis_clock_converter_1_0_axis_clock_converter_v1_1_30_axisc_async_clock_converter |          2 |          2 |       0 |    0 |     1 |      0 |      0 |    0 |          0 |
|           inst_xpm_cdc_sync_rst                                             |                                         itch_zcu106_system_axis_clock_converter_1_0_xpm_cdc_sync_rst |          0 |          0 |       0 |    0 |     2 |      0 |      0 |    0 |          0 |
|           xpm_fifo_async_inst                                               |                                           itch_zcu106_system_axis_clock_converter_1_0_xpm_fifo_async |         80 |         56 |      24 |    0 |   155 |      0 |      0 |    0 |          0 |
|             gnuram_async_fifo.xpm_fifo_base_inst                            |                                            itch_zcu106_system_axis_clock_converter_1_0_xpm_fifo_base |         80 |         56 |      24 |    0 |   155 |      0 |      0 |    0 |          0 |
|               (gnuram_async_fifo.xpm_fifo_base_inst)                        |                                            itch_zcu106_system_axis_clock_converter_1_0_xpm_fifo_base |          3 |          3 |       0 |    0 |     6 |      0 |      0 |    0 |          0 |
|               gen_cdc_pntr.rd_pntr_cdc_inst                                 |                                             itch_zcu106_system_axis_clock_converter_1_0_xpm_cdc_gray |          6 |          6 |       0 |    0 |    15 |      0 |      0 |    0 |          0 |
|               gen_cdc_pntr.rpw_gray_reg                                     |                                         itch_zcu106_system_axis_clock_converter_1_0_xpm_fifo_reg_vec |          2 |          2 |       0 |    0 |     5 |      0 |      0 |    0 |          0 |
|               gen_cdc_pntr.wpr_gray_reg                                     |                                       itch_zcu106_system_axis_clock_converter_1_0_xpm_fifo_reg_vec_0 |          3 |          3 |       0 |    0 |     5 |      0 |      0 |    0 |          0 |
|               gen_cdc_pntr.wr_pntr_cdc_inst                                 |                                          itch_zcu106_system_axis_clock_converter_1_0_xpm_cdc_gray__2 |          6 |          6 |       0 |    0 |    15 |      0 |      0 |    0 |          0 |
|               gen_sdpram.xpm_memory_base_inst                               |                                          itch_zcu106_system_axis_clock_converter_1_0_xpm_memory_base |         24 |          0 |      24 |    0 |    66 |      0 |      0 |    0 |          0 |
|               rdp_inst                                                      |                         itch_zcu106_system_axis_clock_converter_1_0_xpm_counter_updn__parameterized0 |          5 |          5 |       0 |    0 |     5 |      0 |      0 |    0 |          0 |
|               rdpp1_inst                                                    |                         itch_zcu106_system_axis_clock_converter_1_0_xpm_counter_updn__parameterized1 |          5 |          5 |       0 |    0 |     5 |      0 |      0 |    0 |          0 |
|               rst_d1_inst                                                   |                                         itch_zcu106_system_axis_clock_converter_1_0_xpm_fifo_reg_bit |          2 |          2 |       0 |    0 |     1 |      0 |      0 |    0 |          0 |
|               wrp_inst                                                      |                       itch_zcu106_system_axis_clock_converter_1_0_xpm_counter_updn__parameterized0_1 |          3 |          3 |       0 |    0 |     5 |      0 |      0 |    0 |          0 |
|               wrpp1_inst                                                    |                       itch_zcu106_system_axis_clock_converter_1_0_xpm_counter_updn__parameterized1_2 |          4 |          4 |       0 |    0 |     5 |      0 |      0 |    0 |          0 |
|               wrpp2_inst                                                    |                         itch_zcu106_system_axis_clock_converter_1_0_xpm_counter_updn__parameterized2 |          4 |          4 |       0 |    0 |     5 |      0 |      0 |    0 |          0 |
|               xpm_fifo_rst_inst                                             |                                             itch_zcu106_system_axis_clock_converter_1_0_xpm_fifo_rst |         14 |         14 |       0 |    0 |    17 |      0 |      0 |    0 |          0 |
|                 (xpm_fifo_rst_inst)                                         |                                             itch_zcu106_system_axis_clock_converter_1_0_xpm_fifo_rst |         14 |         14 |       0 |    0 |    13 |      0 |      0 |    0 |          0 |
|                 gen_rst_ic.rrst_wr_inst                                     |                         itch_zcu106_system_axis_clock_converter_1_0_xpm_cdc_sync_rst__parameterized0 |          0 |          0 |       0 |    0 |     2 |      0 |      0 |    0 |          0 |
|                 gen_rst_ic.wrst_rd_inst                                     |                      itch_zcu106_system_axis_clock_converter_1_0_xpm_cdc_sync_rst__parameterized0__2 |          0 |          0 |       0 |    0 |     2 |      0 |      0 |    0 |          0 |
|     bbo_counter                                                             |                                                              itch_zcu106_system_c_counter_binary_0_0 |          1 |          1 |       0 |    0 |    32 |      0 |      0 |    0 |          0 |
|       U0                                                                    |                                    itch_zcu106_system_c_counter_binary_0_0_c_counter_binary_v12_0_17 |          1 |          1 |       0 |    0 |    32 |      0 |      0 |    0 |          0 |
|         i_synth                                                             |                                itch_zcu106_system_c_counter_binary_0_0_c_counter_binary_v12_0_17_viv |          1 |          1 |       0 |    0 |    32 |      0 |      0 |    0 |          0 |
|           i_baseblox.i_baseblox_counter                                     |                             itch_zcu106_system_c_counter_binary_0_0_c_counter_binary_v12_0_17_legacy |          1 |          1 |       0 |    0 |    32 |      0 |      0 |    0 |          0 |
|             the_addsub                                                      |                                     itch_zcu106_system_c_counter_binary_0_0_c_addsub_v12_0_16_legacy |          1 |          1 |       0 |    0 |    32 |      0 |      0 |    0 |          0 |
|               no_pipelining.the_addsub                                      |                              itch_zcu106_system_c_counter_binary_0_0_c_addsub_v12_0_16_fabric_legacy |          1 |          1 |       0 |    0 |    32 |      0 |      0 |    0 |          0 |
|                 i_lut6.i_lut6_addsub                                        |                                itch_zcu106_system_c_counter_binary_0_0_c_addsub_v12_0_16_lut6_legacy |          1 |          1 |       0 |    0 |    32 |      0 |      0 |    0 |          0 |
|                   (i_lut6.i_lut6_addsub)                                    |                                itch_zcu106_system_c_counter_binary_0_0_c_addsub_v12_0_16_lut6_legacy |          0 |          0 |       0 |    0 |     0 |      0 |      0 |    0 |          0 |
|                   i_q.i_simple.qreg                                         |                                         itch_zcu106_system_c_counter_binary_0_0_c_reg_fd_v12_0_7_viv |          1 |          1 |       0 |    0 |    32 |      0 |      0 |    0 |          0 |
|     clk_wiz_0                                                               |                                                                       itch_zcu106_system_clk_wiz_0_0 |          0 |          0 |       0 |    0 |     0 |      0 |      0 |    0 |          0 |
|       inst                                                                  |                                                               itch_zcu106_system_clk_wiz_0_0_clk_wiz |          0 |          0 |       0 |    0 |     0 |      0 |      0 |    0 |          0 |
|     data_handler_0                                                          |                                                                  itch_zcu106_system_data_handler_0_0 |        104 |        104 |       0 |    0 |   224 |      0 |      0 |    0 |          0 |
|       inst                                                                  |                                                itch_zcu106_system_data_handler_0_0_data_handler_v2_0 |        104 |        104 |       0 |    0 |   224 |      0 |      0 |    0 |          0 |
|         data_handler_inst                                                   |                                                     itch_zcu106_system_data_handler_0_0_data_handler |        104 |        104 |       0 |    0 |   224 |      0 |      0 |    0 |          0 |
|     network_ingress_top_0                                                   |                                                           itch_zcu106_system_network_ingress_top_0_0 |       1376 |       1340 |      36 |    0 |   663 |      0 |      0 |    0 |          0 |
|       (network_ingress_top_0)                                               |                                                           itch_zcu106_system_network_ingress_top_0_0 |          0 |          0 |       0 |    0 |     0 |      0 |      0 |    0 |          0 |
|       inst                                                                  |                                      itch_zcu106_system_network_ingress_top_0_0_network_ingress_v1_0 |       1376 |       1340 |      36 |    0 |   663 |      0 |      0 |    0 |          0 |
|         ingress_top_inst                                                    |                                               itch_zcu106_system_network_ingress_top_0_0_ingress_top |       1376 |       1340 |      36 |    0 |   663 |      0 |      0 |    0 |          0 |
|           (ingress_top_inst)                                                |                                               itch_zcu106_system_network_ingress_top_0_0_ingress_top |         10 |         10 |       0 |    0 |     0 |      0 |      0 |    0 |          0 |
|           u_frame_crack                                                     |                                               itch_zcu106_system_network_ingress_top_0_0_frame_crack |        308 |        308 |       0 |    0 |   172 |      0 |      0 |    0 |          0 |
|           u_mold_deframe                                                    |                                              itch_zcu106_system_network_ingress_top_0_0_mold_deframe |        608 |        582 |      26 |    0 |   356 |      0 |      0 |    0 |          0 |
|             (u_mold_deframe)                                                |                                              itch_zcu106_system_network_ingress_top_0_0_mold_deframe |        396 |        370 |      26 |    0 |   291 |      0 |      0 |    0 |          0 |
|             u_mold_seq_guard                                                |                                            itch_zcu106_system_network_ingress_top_0_0_mold_seq_guard |        215 |        215 |       0 |    0 |    65 |      0 |      0 |    0 |          0 |
|           u_realign                                                         |                                                   itch_zcu106_system_network_ingress_top_0_0_realign |        454 |        444 |      10 |    0 |   135 |      0 |      0 |    0 |          0 |
|     order_book_top_0                                                        |                                                                itch_zcu106_system_order_book_top_0_0 |      26838 |      25476 |     228 | 1134 | 35508 |    249 |      0 |    0 |          0 |
|       (order_book_top_0)                                                    |                                                                itch_zcu106_system_order_book_top_0_0 |          0 |          0 |       0 |    0 |  2364 |      0 |      0 |    0 |          0 |
|       inst                                                                  |                                                 itch_zcu106_system_order_book_top_0_0_order_book_top |      26838 |      25476 |     228 | 1134 | 33144 |    249 |      0 |    0 |          0 |
|         (inst)                                                              |                                                 itch_zcu106_system_order_book_top_0_0_order_book_top |        375 |        147 |     228 |    0 |   158 |      0 |      0 |    0 |          0 |
|         ob_stock0                                                           |                                                     itch_zcu106_system_order_book_top_0_0_order_book |       9491 |       9023 |       0 |  468 | 11540 |     83 |      0 |    0 |          0 |
|           (ob_stock0)                                                       |                                                     itch_zcu106_system_order_book_top_0_0_order_book |         57 |         57 |       0 |    0 |  8057 |      0 |      0 |    0 |          0 |
|           ask_chunks                                                        |                           itch_zcu106_system_order_book_top_0_0_multi_pumped_bram__parameterized1_27 |          1 |          1 |       0 |    0 |     1 |      2 |      0 |    0 |          0 |
|           ask_price_book                                                    |                           itch_zcu106_system_order_book_top_0_0_multi_pumped_bram__parameterized0_28 |         84 |         84 |       0 |    0 |     1 |     16 |      0 |    0 |          0 |
|           bbo_out_block                                                     |                                                  itch_zcu106_system_order_book_top_0_0_ob_bbo_out_29 |          1 |          1 |       0 |    0 |   129 |      0 |      0 |    0 |          0 |
|           bbo_resolve_block                                                 |                                              itch_zcu106_system_order_book_top_0_0_ob_bbo_resolve_30 |         86 |         86 |       0 |    0 |    35 |      0 |      0 |    0 |          0 |
|           bid_chunks                                                        |                           itch_zcu106_system_order_book_top_0_0_multi_pumped_bram__parameterized1_31 |          1 |          1 |       0 |    0 |     1 |      2 |      0 |    0 |          0 |
|           bid_price_book                                                    |                           itch_zcu106_system_order_book_top_0_0_multi_pumped_bram__parameterized0_32 |         86 |         86 |       0 |    0 |     1 |     16 |      0 |    0 |          0 |
|           evaluate_bbo_block                                                |                                             itch_zcu106_system_order_book_top_0_0_ob_evaluate_bbo_33 |        824 |        824 |       0 |    0 |    74 |      0 |      0 |    0 |          0 |
|           idle_block                                                        |                                                     itch_zcu106_system_order_book_top_0_0_ob_idle_34 |       1688 |       1688 |       0 |    0 |   198 |      0 |      0 |    0 |          0 |
|           idx_req_block                                                     |                                                  itch_zcu106_system_order_book_top_0_0_ob_idx_req_35 |        343 |        343 |       0 |    0 |   111 |      0 |      0 |    0 |          0 |
|           idx_search_block                                                  |                                               itch_zcu106_system_order_book_top_0_0_ob_idx_search_36 |        869 |        852 |       0 |   17 |   224 |      0 |      0 |    0 |          0 |
|           issue_book_read_block                                             |                                          itch_zcu106_system_order_book_top_0_0_ob_issue_book_read_37 |        501 |        501 |       0 |    0 |  1077 |      0 |      0 |    0 |          0 |
|           order_table                                                       |                                           itch_zcu106_system_order_book_top_0_0_multi_pumped_bram_38 |       1175 |       1175 |       0 |    0 |     8 |     11 |      0 |    0 |          0 |
|           shadow_ask_chunks                                                 |                           itch_zcu106_system_order_book_top_0_0_multi_pumped_bram__parameterized1_39 |        100 |        100 |       0 |    0 |     1 |      2 |      0 |    0 |          0 |
|           shadow_ask_price_book                                             |                           itch_zcu106_system_order_book_top_0_0_multi_pumped_bram__parameterized0_40 |         74 |         74 |       0 |    0 |     1 |     16 |      0 |    0 |          0 |
|           shadow_bid_chunks                                                 |                           itch_zcu106_system_order_book_top_0_0_multi_pumped_bram__parameterized1_41 |        222 |        222 |       0 |    0 |     1 |      2 |      0 |    0 |          0 |
|           shadow_bid_price_book                                             |                           itch_zcu106_system_order_book_top_0_0_multi_pumped_bram__parameterized0_42 |         73 |         73 |       0 |    0 |     1 |     16 |      0 |    0 |          0 |
|           update_read_book_block                                            |                                         itch_zcu106_system_order_book_top_0_0_ob_update_read_book_43 |       2739 |       2739 |       0 |    0 |  1223 |      0 |      0 |    0 |          0 |
|           update_read_tbl_block                                             |                                          itch_zcu106_system_order_book_top_0_0_ob_update_read_tbl_44 |        464 |         31 |       0 |  433 |   264 |      0 |      0 |    0 |          0 |
|           update_write_block                                                |                                             itch_zcu106_system_order_book_top_0_0_ob_update_write_45 |        143 |        125 |       0 |   18 |   132 |      0 |      0 |    0 |          0 |
|         ob_stock1                                                           |                                                   itch_zcu106_system_order_book_top_0_0_order_book_0 |       8414 |       8081 |       0 |  333 | 10606 |     83 |      0 |    0 |          0 |
|           (ob_stock1)                                                       |                                                   itch_zcu106_system_order_book_top_0_0_order_book_0 |         58 |         58 |       0 |    0 |  8056 |      0 |      0 |    0 |          0 |
|           ask_chunks                                                        |                            itch_zcu106_system_order_book_top_0_0_multi_pumped_bram__parameterized1_8 |          3 |          3 |       0 |    0 |     1 |      2 |      0 |    0 |          0 |
|           ask_price_book                                                    |                            itch_zcu106_system_order_book_top_0_0_multi_pumped_bram__parameterized0_9 |         86 |         86 |       0 |    0 |     1 |     16 |      0 |    0 |          0 |
|           bbo_out_block                                                     |                                                  itch_zcu106_system_order_book_top_0_0_ob_bbo_out_10 |          1 |          1 |       0 |    0 |   129 |      0 |      0 |    0 |          0 |
|           bbo_resolve_block                                                 |                                              itch_zcu106_system_order_book_top_0_0_ob_bbo_resolve_11 |          2 |          2 |       0 |    0 |     3 |      0 |      0 |    0 |          0 |
|           bid_chunks                                                        |                           itch_zcu106_system_order_book_top_0_0_multi_pumped_bram__parameterized1_12 |          3 |          3 |       0 |    0 |     1 |      2 |      0 |    0 |          0 |
|           bid_price_book                                                    |                           itch_zcu106_system_order_book_top_0_0_multi_pumped_bram__parameterized0_13 |         85 |         85 |       0 |    0 |     1 |     16 |      0 |    0 |          0 |
|           evaluate_bbo_block                                                |                                             itch_zcu106_system_order_book_top_0_0_ob_evaluate_bbo_14 |        812 |        812 |       0 |    0 |    41 |      0 |      0 |    0 |          0 |
|           idle_block                                                        |                                                     itch_zcu106_system_order_book_top_0_0_ob_idle_15 |          0 |          0 |       0 |    0 |     1 |      0 |      0 |    0 |          0 |
|           idx_req_block                                                     |                                                  itch_zcu106_system_order_book_top_0_0_ob_idx_req_16 |       1580 |       1580 |       0 |    0 |    28 |      0 |      0 |    0 |          0 |
|           idx_search_block                                                  |                                               itch_zcu106_system_order_book_top_0_0_ob_idx_search_17 |        851 |        851 |       0 |    0 |   191 |      0 |      0 |    0 |          0 |
|           issue_book_read_block                                             |                                          itch_zcu106_system_order_book_top_0_0_ob_issue_book_read_18 |        357 |        357 |       0 |    0 |   859 |      0 |      0 |    0 |          0 |
|           order_table                                                       |                                           itch_zcu106_system_order_book_top_0_0_multi_pumped_bram_19 |       1161 |       1161 |       0 |    0 |     8 |     11 |      0 |    0 |          0 |
|           shadow_ask_chunks                                                 |                           itch_zcu106_system_order_book_top_0_0_multi_pumped_bram__parameterized1_20 |        133 |        133 |       0 |    0 |     1 |      2 |      0 |    0 |          0 |
|           shadow_ask_price_book                                             |                           itch_zcu106_system_order_book_top_0_0_multi_pumped_bram__parameterized0_21 |         75 |         75 |       0 |    0 |     1 |     16 |      0 |    0 |          0 |
|           shadow_bid_chunks                                                 |                           itch_zcu106_system_order_book_top_0_0_multi_pumped_bram__parameterized1_22 |        266 |        266 |       0 |    0 |     1 |      2 |      0 |    0 |          0 |
|           shadow_bid_price_book                                             |                           itch_zcu106_system_order_book_top_0_0_multi_pumped_bram__parameterized0_23 |         74 |         74 |       0 |    0 |     1 |     16 |      0 |    0 |          0 |
|           update_read_book_block                                            |                                         itch_zcu106_system_order_book_top_0_0_ob_update_read_book_24 |       2474 |       2474 |       0 |    0 |   973 |      0 |      0 |    0 |          0 |
|           update_read_tbl_block                                             |                                          itch_zcu106_system_order_book_top_0_0_ob_update_read_tbl_25 |        347 |         14 |       0 |  333 |   214 |      0 |      0 |    0 |          0 |
|           update_write_block                                                |                                             itch_zcu106_system_order_book_top_0_0_ob_update_write_26 |         76 |         76 |       0 |    0 |    95 |      0 |      0 |    0 |          0 |
|         ob_stock2                                                           |                                                   itch_zcu106_system_order_book_top_0_0_order_book_1 |       8397 |       8064 |       0 |  333 | 10604 |     83 |      0 |    0 |          0 |
|           (ob_stock2)                                                       |                                                   itch_zcu106_system_order_book_top_0_0_order_book_1 |         57 |         57 |       0 |    0 |  8054 |      0 |      0 |    0 |          0 |
|           ask_chunks                                                        |                              itch_zcu106_system_order_book_top_0_0_multi_pumped_bram__parameterized1 |          3 |          3 |       0 |    0 |     1 |      2 |      0 |    0 |          0 |
|           ask_price_book                                                    |                              itch_zcu106_system_order_book_top_0_0_multi_pumped_bram__parameterized0 |         84 |         84 |       0 |    0 |     1 |     16 |      0 |    0 |          0 |
|           bbo_out_block                                                     |                                                     itch_zcu106_system_order_book_top_0_0_ob_bbo_out |          1 |          1 |       0 |    0 |   129 |      0 |      0 |    0 |          0 |
|           bbo_resolve_block                                                 |                                                 itch_zcu106_system_order_book_top_0_0_ob_bbo_resolve |          2 |          2 |       0 |    0 |     3 |      0 |      0 |    0 |          0 |
|           bid_chunks                                                        |                            itch_zcu106_system_order_book_top_0_0_multi_pumped_bram__parameterized1_2 |          3 |          3 |       0 |    0 |     1 |      2 |      0 |    0 |          0 |
|           bid_price_book                                                    |                            itch_zcu106_system_order_book_top_0_0_multi_pumped_bram__parameterized0_3 |         84 |         84 |       0 |    0 |     1 |     16 |      0 |    0 |          0 |
|           evaluate_bbo_block                                                |                                                itch_zcu106_system_order_book_top_0_0_ob_evaluate_bbo |        813 |        813 |       0 |    0 |    41 |      0 |      0 |    0 |          0 |
|           idle_block                                                        |                                                        itch_zcu106_system_order_book_top_0_0_ob_idle |          0 |          0 |       0 |    0 |     1 |      0 |      0 |    0 |          0 |
|           idx_req_block                                                     |                                                     itch_zcu106_system_order_book_top_0_0_ob_idx_req |       1580 |       1580 |       0 |    0 |    28 |      0 |      0 |    0 |          0 |
|           idx_search_block                                                  |                                                  itch_zcu106_system_order_book_top_0_0_ob_idx_search |        851 |        851 |       0 |    0 |   191 |      0 |      0 |    0 |          0 |
|           issue_book_read_block                                             |                                             itch_zcu106_system_order_book_top_0_0_ob_issue_book_read |        358 |        358 |       0 |    0 |   859 |      0 |      0 |    0 |          0 |
|           order_table                                                       |                                              itch_zcu106_system_order_book_top_0_0_multi_pumped_bram |       1160 |       1160 |       0 |    0 |     8 |     11 |      0 |    0 |          0 |
|           shadow_ask_chunks                                                 |                            itch_zcu106_system_order_book_top_0_0_multi_pumped_bram__parameterized1_4 |        133 |        133 |       0 |    0 |     1 |      2 |      0 |    0 |          0 |
|           shadow_ask_price_book                                             |                            itch_zcu106_system_order_book_top_0_0_multi_pumped_bram__parameterized0_5 |         74 |         74 |       0 |    0 |     1 |     16 |      0 |    0 |          0 |
|           shadow_bid_chunks                                                 |                            itch_zcu106_system_order_book_top_0_0_multi_pumped_bram__parameterized1_6 |        254 |        254 |       0 |    0 |     1 |      2 |      0 |    0 |          0 |
|           shadow_bid_price_book                                             |                            itch_zcu106_system_order_book_top_0_0_multi_pumped_bram__parameterized0_7 |         71 |         71 |       0 |    0 |     1 |     16 |      0 |    0 |          0 |
|           update_read_book_block                                            |                                            itch_zcu106_system_order_book_top_0_0_ob_update_read_book |       2474 |       2474 |       0 |    0 |   973 |      0 |      0 |    0 |          0 |
|           update_read_tbl_block                                             |                                             itch_zcu106_system_order_book_top_0_0_ob_update_read_tbl |        347 |         14 |       0 |  333 |   214 |      0 |      0 |    0 |          0 |
|           update_write_block                                                |                                                itch_zcu106_system_order_book_top_0_0_ob_update_write |         76 |         76 |       0 |    0 |    95 |      0 |      0 |    0 |          0 |
|         router                                                              |                                                  itch_zcu106_system_order_book_top_0_0_symbol_router |        164 |        164 |       0 |    0 |   236 |      0 |      0 |    0 |          0 |
|     proc_sys_reset_1                                                        |                                                                itch_zcu106_system_proc_sys_reset_0_1 |         16 |         15 |       0 |    1 |    90 |      0 |      0 |    0 |          0 |
|       U0                                                                    |                                                 itch_zcu106_system_proc_sys_reset_0_1_proc_sys_reset |         16 |         15 |       0 |    1 |    90 |      0 |      0 |    0 |          0 |
|         (U0)                                                                |                                                 itch_zcu106_system_proc_sys_reset_0_1_proc_sys_reset |          0 |          0 |       0 |    0 |    58 |      0 |      0 |    0 |          0 |
|         EXT_LPF                                                             |                                                            itch_zcu106_system_proc_sys_reset_0_1_lpf |          5 |          4 |       0 |    1 |    17 |      0 |      0 |    0 |          0 |
|           (EXT_LPF)                                                         |                                                            itch_zcu106_system_proc_sys_reset_0_1_lpf |          2 |          1 |       0 |    1 |     9 |      0 |      0 |    0 |          0 |
|           ACTIVE_LOW_AUX.ACT_LO_AUX                                         |                                                       itch_zcu106_system_proc_sys_reset_0_1_cdc_sync |          1 |          1 |       0 |    0 |     4 |      0 |      0 |    0 |          0 |
|           ACTIVE_LOW_EXT.ACT_LO_EXT                                         |                                                     itch_zcu106_system_proc_sys_reset_0_1_cdc_sync_0 |          2 |          2 |       0 |    0 |     4 |      0 |      0 |    0 |          0 |
|         SEQ                                                                 |                                                   itch_zcu106_system_proc_sys_reset_0_1_sequence_psr |         11 |         11 |       0 |    0 |    15 |      0 |      0 |    0 |          0 |
|           (SEQ)                                                             |                                                   itch_zcu106_system_proc_sys_reset_0_1_sequence_psr |          7 |          7 |       0 |    0 |     9 |      0 |      0 |    0 |          0 |
|           SEQ_COUNTER                                                       |                                                        itch_zcu106_system_proc_sys_reset_0_1_upcnt_n |          4 |          4 |       0 |    0 |     6 |      0 |      0 |    0 |          0 |
|     proc_sys_reset_2                                                        |                                                                itch_zcu106_system_proc_sys_reset_1_0 |         14 |         13 |       0 |    1 |    33 |      0 |      0 |    0 |          0 |
|       U0                                                                    |                                                 itch_zcu106_system_proc_sys_reset_1_0_proc_sys_reset |         14 |         13 |       0 |    1 |    33 |      0 |      0 |    0 |          0 |
|         (U0)                                                                |                                                 itch_zcu106_system_proc_sys_reset_1_0_proc_sys_reset |          0 |          0 |       0 |    0 |     1 |      0 |      0 |    0 |          0 |
|         EXT_LPF                                                             |                                                            itch_zcu106_system_proc_sys_reset_1_0_lpf |          5 |          4 |       0 |    1 |    17 |      0 |      0 |    0 |          0 |
|           (EXT_LPF)                                                         |                                                            itch_zcu106_system_proc_sys_reset_1_0_lpf |          2 |          1 |       0 |    1 |     9 |      0 |      0 |    0 |          0 |
|           ACTIVE_LOW_AUX.ACT_LO_AUX                                         |                                                       itch_zcu106_system_proc_sys_reset_1_0_cdc_sync |          1 |          1 |       0 |    0 |     4 |      0 |      0 |    0 |          0 |
|           ACTIVE_LOW_EXT.ACT_LO_EXT                                         |                                                     itch_zcu106_system_proc_sys_reset_1_0_cdc_sync_0 |          2 |          2 |       0 |    0 |     4 |      0 |      0 |    0 |          0 |
|         SEQ                                                                 |                                                   itch_zcu106_system_proc_sys_reset_1_0_sequence_psr |          9 |          9 |       0 |    0 |    15 |      0 |      0 |    0 |          0 |
|           (SEQ)                                                             |                                                   itch_zcu106_system_proc_sys_reset_1_0_sequence_psr |          5 |          5 |       0 |    0 |     9 |      0 |      0 |    0 |          0 |
|           SEQ_COUNTER                                                       |                                                        itch_zcu106_system_proc_sys_reset_1_0_upcnt_n |          4 |          4 |       0 |    0 |     6 |      0 |      0 |    0 |          0 |
|     ps8_0_axi_periph                                                        |                                                                itch_zcu106_system_ps8_0_axi_periph_0 |        652 |        583 |       0 |   69 |   742 |      0 |      0 |    0 |          0 |
|       s00_couplers                                                          |                                                                             s00_couplers_imp_1D7R4PZ |        434 |        365 |       0 |   69 |   608 |      0 |      0 |    0 |          0 |
|         auto_pc                                                             |                                                                         itch_zcu106_system_auto_pc_0 |        434 |        365 |       0 |   69 |   608 |      0 |      0 |    0 |          0 |
|           inst                                                              |                   itch_zcu106_system_auto_pc_0_axi_protocol_converter_v2_1_29_axi_protocol_converter |        434 |        365 |       0 |   69 |   608 |      0 |      0 |    0 |          0 |
|             gen_axilite.gen_b2s_conv.axilite_b2s                            |                                      itch_zcu106_system_auto_pc_0_axi_protocol_converter_v2_1_29_b2s |        434 |        365 |       0 |   69 |   608 |      0 |      0 |    0 |          0 |
|               (gen_axilite.gen_b2s_conv.axilite_b2s)                        |                                      itch_zcu106_system_auto_pc_0_axi_protocol_converter_v2_1_29_b2s |          0 |          0 |       0 |    0 |     1 |      0 |      0 |    0 |          0 |
|               RD.ar_channel_0                                               |                           itch_zcu106_system_auto_pc_0_axi_protocol_converter_v2_1_29_b2s_ar_channel |         73 |         73 |       0 |    0 |    79 |      0 |      0 |    0 |          0 |
|                 (RD.ar_channel_0)                                           |                           itch_zcu106_system_auto_pc_0_axi_protocol_converter_v2_1_29_b2s_ar_channel |          0 |          0 |       0 |    0 |    16 |      0 |      0 |    0 |          0 |
|                 ar_cmd_fsm_0                                                |                           itch_zcu106_system_auto_pc_0_axi_protocol_converter_v2_1_29_b2s_rd_cmd_fsm |         16 |         16 |       0 |    0 |     2 |      0 |      0 |    0 |          0 |
|                 cmd_translator_0                                            |                     itch_zcu106_system_auto_pc_0_axi_protocol_converter_v2_1_29_b2s_cmd_translator_1 |         57 |         57 |       0 |    0 |    61 |      0 |      0 |    0 |          0 |
|                   (cmd_translator_0)                                        |                     itch_zcu106_system_auto_pc_0_axi_protocol_converter_v2_1_29_b2s_cmd_translator_1 |          1 |          1 |       0 |    0 |     3 |      0 |      0 |    0 |          0 |
|                   incr_cmd_0                                                |                           itch_zcu106_system_auto_pc_0_axi_protocol_converter_v2_1_29_b2s_incr_cmd_2 |         22 |         22 |       0 |    0 |    20 |      0 |      0 |    0 |          0 |
|                   wrap_cmd_0                                                |                           itch_zcu106_system_auto_pc_0_axi_protocol_converter_v2_1_29_b2s_wrap_cmd_3 |         34 |         34 |       0 |    0 |    38 |      0 |      0 |    0 |          0 |
|               RD.r_channel_0                                                |                            itch_zcu106_system_auto_pc_0_axi_protocol_converter_v2_1_29_b2s_r_channel |         65 |         14 |       0 |   51 |    28 |      0 |      0 |    0 |          0 |
|                 (RD.r_channel_0)                                            |                            itch_zcu106_system_auto_pc_0_axi_protocol_converter_v2_1_29_b2s_r_channel |          0 |          0 |       0 |    0 |    18 |      0 |      0 |    0 |          0 |
|                 rd_data_fifo_0                                              |          itch_zcu106_system_auto_pc_0_axi_protocol_converter_v2_1_29_b2s_simple_fifo__parameterized1 |         41 |          7 |       0 |   34 |     5 |      0 |      0 |    0 |          0 |
|                 transaction_fifo_0                                          |          itch_zcu106_system_auto_pc_0_axi_protocol_converter_v2_1_29_b2s_simple_fifo__parameterized2 |         24 |          7 |       0 |   17 |     5 |      0 |      0 |    0 |          0 |
|               SI_REG                                                        |                           itch_zcu106_system_auto_pc_0_axi_register_slice_v2_1_29_axi_register_slice |        183 |        183 |       0 |    0 |   396 |      0 |      0 |    0 |          0 |
|                 ar.ar_pipe                                                  |                          itch_zcu106_system_auto_pc_0_axi_register_slice_v2_1_29_axic_register_slice |         70 |         70 |       0 |    0 |   127 |      0 |      0 |    0 |          0 |
|                 aw.aw_pipe                                                  |                        itch_zcu106_system_auto_pc_0_axi_register_slice_v2_1_29_axic_register_slice_0 |         72 |         72 |       0 |    0 |   127 |      0 |      0 |    0 |          0 |
|                 b.b_pipe                                                    |          itch_zcu106_system_auto_pc_0_axi_register_slice_v2_1_29_axic_register_slice__parameterized1 |         12 |         12 |       0 |    0 |    38 |      0 |      0 |    0 |          0 |
|                 r.r_pipe                                                    |          itch_zcu106_system_auto_pc_0_axi_register_slice_v2_1_29_axic_register_slice__parameterized2 |         29 |         29 |       0 |    0 |   104 |      0 |      0 |    0 |          0 |
|               WR.aw_channel_0                                               |                           itch_zcu106_system_auto_pc_0_axi_protocol_converter_v2_1_29_b2s_aw_channel |         76 |         76 |       0 |    0 |    87 |      0 |      0 |    0 |          0 |
|                 (WR.aw_channel_0)                                           |                           itch_zcu106_system_auto_pc_0_axi_protocol_converter_v2_1_29_b2s_aw_channel |          0 |          0 |       0 |    0 |    24 |      0 |      0 |    0 |          0 |
|                 aw_cmd_fsm_0                                                |                           itch_zcu106_system_auto_pc_0_axi_protocol_converter_v2_1_29_b2s_wr_cmd_fsm |         19 |         19 |       0 |    0 |     2 |      0 |      0 |    0 |          0 |
|                 cmd_translator_0                                            |                       itch_zcu106_system_auto_pc_0_axi_protocol_converter_v2_1_29_b2s_cmd_translator |         57 |         57 |       0 |    0 |    61 |      0 |      0 |    0 |          0 |
|                   (cmd_translator_0)                                        |                       itch_zcu106_system_auto_pc_0_axi_protocol_converter_v2_1_29_b2s_cmd_translator |          1 |          1 |       0 |    0 |     3 |      0 |      0 |    0 |          0 |
|                   incr_cmd_0                                                |                             itch_zcu106_system_auto_pc_0_axi_protocol_converter_v2_1_29_b2s_incr_cmd |         22 |         22 |       0 |    0 |    20 |      0 |      0 |    0 |          0 |
|                   wrap_cmd_0                                                |                             itch_zcu106_system_auto_pc_0_axi_protocol_converter_v2_1_29_b2s_wrap_cmd |         34 |         34 |       0 |    0 |    38 |      0 |      0 |    0 |          0 |
|               WR.b_channel_0                                                |                            itch_zcu106_system_auto_pc_0_axi_protocol_converter_v2_1_29_b2s_b_channel |         38 |         20 |       0 |   18 |    17 |      0 |      0 |    0 |          0 |
|                 (WR.b_channel_0)                                            |                            itch_zcu106_system_auto_pc_0_axi_protocol_converter_v2_1_29_b2s_b_channel |          7 |          7 |       0 |    0 |    13 |      0 |      0 |    0 |          0 |
|                 bid_fifo_0                                                  |                          itch_zcu106_system_auto_pc_0_axi_protocol_converter_v2_1_29_b2s_simple_fifo |         26 |         10 |       0 |   16 |     2 |      0 |      0 |    0 |          0 |
|                 bresp_fifo_0                                                |          itch_zcu106_system_auto_pc_0_axi_protocol_converter_v2_1_29_b2s_simple_fifo__parameterized0 |          5 |          3 |       0 |    2 |     2 |      0 |      0 |    0 |          0 |
|       xbar                                                                  |                                                                            itch_zcu106_system_xbar_0 |        218 |        218 |       0 |    0 |   134 |      0 |      0 |    0 |          0 |
|         inst                                                                |                                          itch_zcu106_system_xbar_0_axi_crossbar_v2_1_30_axi_crossbar |        218 |        218 |       0 |    0 |   134 |      0 |      0 |    0 |          0 |
|           gen_sasd.crossbar_sasd_0                                          |                                         itch_zcu106_system_xbar_0_axi_crossbar_v2_1_30_crossbar_sasd |        218 |        218 |       0 |    0 |   134 |      0 |      0 |    0 |          0 |
|             (gen_sasd.crossbar_sasd_0)                                      |                                         itch_zcu106_system_xbar_0_axi_crossbar_v2_1_30_crossbar_sasd |          2 |          2 |       0 |    0 |    11 |      0 |      0 |    0 |          0 |
|             addr_arbiter_inst                                               |                                     itch_zcu106_system_xbar_0_axi_crossbar_v2_1_30_addr_arbiter_sasd |         87 |         87 |       0 |    0 |    40 |      0 |      0 |    0 |          0 |
|             gen_decerr.decerr_slave_inst                                    |                                          itch_zcu106_system_xbar_0_axi_crossbar_v2_1_30_decerr_slave |          9 |          9 |       0 |    0 |     4 |      0 |      0 |    0 |          0 |
|             reg_slice_r                                                     |                             itch_zcu106_system_xbar_0_axi_register_slice_v2_1_29_axic_register_slice |        109 |        109 |       0 |    0 |    74 |      0 |      0 |    0 |          0 |
|             splitter_ar                                                     |                              itch_zcu106_system_xbar_0_axi_crossbar_v2_1_30_splitter__parameterized0 |          2 |          2 |       0 |    0 |     2 |      0 |      0 |    0 |          0 |
|             splitter_aw                                                     |                                              itch_zcu106_system_xbar_0_axi_crossbar_v2_1_30_splitter |          9 |          9 |       0 |    0 |     3 |      0 |      0 |    0 |          0 |
|     xlslice_ask_price                                                       |                                                                       itch_zcu106_system_xlslice_0_3 |          0 |          0 |       0 |    0 |     0 |      0 |      0 |    0 |          0 |
|     xlslice_ask_shares                                                      |                                                                       itch_zcu106_system_xlslice_0_4 |          0 |          0 |       0 |    0 |     0 |      0 |      0 |    0 |          0 |
|     xlslice_bid_price                                                       |                                                                       itch_zcu106_system_xlslice_0_1 |          0 |          0 |       0 |    0 |     0 |      0 |      0 |    0 |          0 |
|     xlslice_bid_shares                                                      |                                                                       itch_zcu106_system_xlslice_0_2 |          0 |          0 |       0 |    0 |     0 |      0 |      0 |    0 |          0 |
|     xlslice_stock_id                                                        |                                                                       itch_zcu106_system_xlslice_0_0 |          0 |          0 |       0 |    0 |     0 |      0 |      0 |    0 |          0 |
|     zynq_ultra_ps_e_0                                                       |                                                               itch_zcu106_system_zynq_ultra_ps_e_0_0 |          0 |          0 |       0 |    0 |     0 |      0 |      0 |    0 |          0 |
|       inst                                                                  |                        itch_zcu106_system_zynq_ultra_ps_e_0_0_zynq_ultra_ps_e_v3_5_1_zynq_ultra_ps_e |          0 |          0 |       0 |    0 |     0 |      0 |      0 |    0 |          0 |
+-----------------------------------------------------------------------------+------------------------------------------------------------------------------------------------------+------------+------------+---------+------+-------+--------+--------+------+------------+
* Note: The sum of lower-level cells may be larger than their parent cells total, due to cross-hierarchy LUT combining
