Copyright 1986-2022 Xilinx, Inc. All Rights Reserved. Copyright 2022-2023 Advanced Micro Devices, Inc. All Rights Reserved.
---------------------------------------------------------------------------------------------------------------------------------------------
| Tool Version : Vivado v.2023.2 (win64) Build 4029153 Fri Oct 13 20:14:34 MDT 2023
| Date         : Tue Sep  1 03:25:51 2026
| Host         : dkeL running 64-bit major release  (build 9200)
| Command      : report_utilization -file ./design_evidence/utilization.rpt
| Design       : itch_zcu106_system_wrapper
| Device       : xczu7ev-ffvc1156-2-e
| Speed File   : -2
| Design State : Physopt postRoute
---------------------------------------------------------------------------------------------------------------------------------------------

Utilization Design Information

Table of Contents
-----------------
1. CLB Logic
1.1 Summary of Registers by Type
2. CLB Logic Distribution
3. BLOCKRAM
4. ARITHMETIC
5. I/O
6. CLOCK
7. ADVANCED
8. CONFIGURATION
9. Primitives
10. Black Boxes
11. Instantiated Netlists

1. CLB Logic
------------

+----------------------------+-------+-------+------------+-----------+-------+
|          Site Type         |  Used | Fixed | Prohibited | Available | Util% |
+----------------------------+-------+-------+------------+-----------+-------+
| CLB LUTs                   | 30312 |     0 |          0 |    230400 | 13.16 |
|   LUT as Logic             | 28737 |     0 |          0 |    230400 | 12.47 |
|   LUT as Memory            |  1575 |     0 |          0 |    101760 |  1.55 |
|     LUT as Distributed RAM |   312 |     0 |            |           |       |
|     LUT as Shift Register  |  1263 |     0 |            |           |       |
| CLB Registers              | 40477 |     0 |          0 |    460800 |  8.78 |
|   Register as Flip Flop    | 40477 |     0 |          0 |    460800 |  8.78 |
|   Register as Latch        |     0 |     0 |          0 |    460800 |  0.00 |
| CARRY8                     |   872 |     0 |          0 |     28800 |  3.03 |
| F7 Muxes                   |  1304 |     0 |          0 |    115200 |  1.13 |
| F8 Muxes                   |   564 |     0 |          0 |     57600 |  0.98 |
| F9 Muxes                   |     0 |     0 |          0 |     28800 |  0.00 |
+----------------------------+-------+-------+------------+-----------+-------+
* Warning! LUT value is adjusted to account for LUT combining.


1.1 Summary of Registers by Type
--------------------------------

+-------+--------------+-------------+--------------+
| Total | Clock Enable | Synchronous | Asynchronous |
+-------+--------------+-------------+--------------+
| 0     |            _ |           - |            - |
| 0     |            _ |           - |          Set |
| 0     |            _ |           - |        Reset |
| 0     |            _ |         Set |            - |
| 0     |            _ |       Reset |            - |
| 0     |          Yes |           - |            - |
| 0     |          Yes |           - |          Set |
| 0     |          Yes |           - |        Reset |
| 394   |          Yes |         Set |            - |
| 40083 |          Yes |       Reset |            - |
+-------+--------------+-------------+--------------+


2. CLB Logic Distribution
-------------------------

+--------------------------------------------+-------+-------+------------+-----------+-------+
|                  Site Type                 |  Used | Fixed | Prohibited | Available | Util% |
+--------------------------------------------+-------+-------+------------+-----------+-------+
| CLB                                        |  9873 |     0 |          0 |     28800 | 34.28 |
|   CLBL                                     |  5503 |     0 |            |           |       |
|   CLBM                                     |  4370 |     0 |            |           |       |
| LUT as Logic                               | 28737 |     0 |          0 |    230400 | 12.47 |
|   using O5 output only                     |   137 |       |            |           |       |
|   using O6 output only                     | 23098 |       |            |           |       |
|   using O5 and O6                          |  5502 |       |            |           |       |
| LUT as Memory                              |  1575 |     0 |          0 |    101760 |  1.55 |
|   LUT as Distributed RAM                   |   312 |     0 |            |           |       |
|     using O5 output only                   |     0 |       |            |           |       |
|     using O6 output only                   |     2 |       |            |           |       |
|     using O5 and O6                        |   310 |       |            |           |       |
|   LUT as Shift Register                    |  1263 |     0 |            |           |       |
|     using O5 output only                   |     0 |       |            |           |       |
|     using O6 output only                   |   183 |       |            |           |       |
|     using O5 and O6                        |  1080 |       |            |           |       |
| CLB Registers                              | 40477 |     0 |          0 |    460800 |  8.78 |
|   Register driven from within the CLB      | 10399 |       |            |           |       |
|   Register driven from outside the CLB     | 30078 |       |            |           |       |
|     LUT in front of the register is unused | 25659 |       |            |           |       |
|     LUT in front of the register is used   |  4419 |       |            |           |       |
| Unique Control Sets                        |   596 |       |          0 |     57600 |  1.03 |
+--------------------------------------------+-------+-------+------------+-----------+-------+
* * Note: Available Control Sets calculated as Slices * 2, Review the Control Sets Report for more information regarding control sets.


3. BLOCKRAM
-----------

+-------------------+------+-------+------------+-----------+-------+
|     Site Type     | Used | Fixed | Prohibited | Available | Util% |
+-------------------+------+-------+------------+-----------+-------+
| Block RAM Tile    |  250 |     0 |          0 |       312 | 80.13 |
|   RAMB36/FIFO*    |  250 |     0 |          0 |       312 | 80.13 |
|     RAMB36E2 only |  250 |       |            |           |       |
|   RAMB18          |    0 |     0 |          0 |       624 |  0.00 |
| URAM              |    0 |     0 |          0 |        96 |  0.00 |
+-------------------+------+-------+------------+-----------+-------+
* Note: Each Block RAM Tile only has one FIFO logic available and therefore can accommodate only one FIFO36E2 or one FIFO18E2. However, if a FIFO18E2 occupies a Block RAM Tile, that tile can still accommodate a RAMB18E2


4. ARITHMETIC
-------------

+-----------+------+-------+------------+-----------+-------+
| Site Type | Used | Fixed | Prohibited | Available | Util% |
+-----------+------+-------+------------+-----------+-------+
| DSPs      |    0 |     0 |          0 |      1728 |  0.00 |
+-----------+------+-------+------------+-----------+-------+


5. I/O
------

+------------------+------+-------+------------+-----------+-------+
|     Site Type    | Used | Fixed | Prohibited | Available | Util% |
+------------------+------+-------+------------+-----------+-------+
| Bonded IOB       |    0 |     0 |          0 |       360 |  0.00 |
| HPIOB_M          |    0 |     0 |          0 |       144 |  0.00 |
| HPIOB_S          |    0 |     0 |          0 |       144 |  0.00 |
| HDIOB_M          |    0 |     0 |          0 |        24 |  0.00 |
| HDIOB_S          |    0 |     0 |          0 |        24 |  0.00 |
| HPIOB_SNGL       |    0 |     0 |          0 |        24 |  0.00 |
| HPIOBDIFFINBUF   |    0 |     0 |          0 |       192 |  0.00 |
| HPIOBDIFFOUTBUF  |    0 |     0 |          0 |       192 |  0.00 |
| HDIOBDIFFINBUF   |    0 |     0 |          0 |        48 |  0.00 |
| BITSLICE_CONTROL |    0 |     0 |          0 |        64 |  0.00 |
| BITSLICE_RX_TX   |    0 |     0 |          0 |      2496 |  0.00 |
| BITSLICE_TX      |    0 |     0 |          0 |        64 |  0.00 |
| RIU_OR           |    0 |     0 |          0 |        32 |  0.00 |
+------------------+------+-------+------------+-----------+-------+


6. CLOCK
--------

+----------------------+------+-------+------------+-----------+-------+
|       Site Type      | Used | Fixed | Prohibited | Available | Util% |
+----------------------+------+-------+------------+-----------+-------+
| GLOBAL CLOCK BUFFERs |    4 |     0 |          0 |       544 |  0.74 |
|   BUFGCE             |    3 |     0 |          0 |       208 |  1.44 |
|   BUFGCE_DIV         |    0 |     0 |          0 |        32 |  0.00 |
|   BUFG_GT            |    0 |     0 |          0 |       144 |  0.00 |
|   BUFG_PS            |    1 |     0 |          0 |        96 |  1.04 |
|   BUFGCTRL*          |    0 |     0 |          0 |        64 |  0.00 |
| PLL                  |    0 |     0 |          0 |        16 |  0.00 |
| MMCM                 |    1 |     0 |          0 |         8 | 12.50 |
+----------------------+------+-------+------------+-----------+-------+
* Note: Each used BUFGCTRL counts as two GLOBAL CLOCK BUFFERs. This table does not include global clocking resources, only buffer cell usage. See the Clock Utilization Report (report_clock_utilization) for detailed accounting of global clocking resource availability.


7. ADVANCED
-----------

+-----------------+------+-------+------------+-----------+--------+
|    Site Type    | Used | Fixed | Prohibited | Available |  Util% |
+-----------------+------+-------+------------+-----------+--------+
| GTHE4_CHANNEL   |    0 |     0 |          0 |        20 |   0.00 |
| GTHE4_COMMON    |    0 |     0 |          0 |         5 |   0.00 |
| OBUFDS_GTE4     |    0 |     0 |          0 |        10 |   0.00 |
| OBUFDS_GTE4_ADV |    0 |     0 |          0 |        10 |   0.00 |
| PCIE40E4        |    0 |     0 |          0 |         2 |   0.00 |
| PS8             |    1 |     0 |          0 |         1 | 100.00 |
| SYSMONE4        |    0 |     0 |          0 |         1 |   0.00 |
| VCU             |    0 |     0 |          0 |         1 |   0.00 |
+-----------------+------+-------+------------+-----------+--------+


8. CONFIGURATION
----------------

+-------------+------+-------+------------+-----------+-------+
|  Site Type  | Used | Fixed | Prohibited | Available | Util% |
+-------------+------+-------+------------+-----------+-------+
| BSCANE2     |    0 |     0 |          0 |         4 |  0.00 |
| DNA_PORTE2  |    0 |     0 |          0 |         1 |  0.00 |
| EFUSE_USR   |    0 |     0 |          0 |         1 |  0.00 |
| FRAME_ECCE4 |    0 |     0 |          0 |         1 |  0.00 |
| ICAPE3      |    0 |     0 |          0 |         2 |  0.00 |
| MASTER_JTAG |    0 |     0 |          0 |         1 |  0.00 |
| STARTUPE3   |    0 |     0 |          0 |         1 |  0.00 |
+-------------+------+-------+------------+-----------+-------+


9. Primitives
-------------

+------------+-------+---------------------+
|  Ref Name  |  Used | Functional Category |
+------------+-------+---------------------+
| FDRE       | 40083 |            Register |
| LUT6       | 16094 |                 CLB |
| LUT3       |  5571 |                 CLB |
| LUT5       |  5224 |                 CLB |
| LUT2       |  3963 |                 CLB |
| LUT4       |  3249 |                 CLB |
| SRL16E     |  2267 |                 CLB |
| MUXF7      |  1304 |                 CLB |
| CARRY8     |   872 |                 CLB |
| MUXF8      |   564 |                 CLB |
| RAMD32     |   540 |                 CLB |
| FDSE       |   394 |            Register |
| RAMB36E2   |   250 |            BLOCKRAM |
| LUT1       |   138 |                 CLB |
| RAMS32     |    82 |                 CLB |
| SRLC32E    |    76 |                 CLB |
| BUFGCE     |     3 |               Clock |
| PS8        |     1 |            Advanced |
| MMCME4_ADV |     1 |               Clock |
| BUFG_PS    |     1 |               Clock |
+------------+-------+---------------------+


10. Black Boxes
---------------

+----------+------+
| Ref Name | Used |
+----------+------+


11. Instantiated Netlists
-------------------------

+---------------------------------------------+------+
|                   Ref Name                  | Used |
+---------------------------------------------+------+
| itch_zcu106_system_zynq_ultra_ps_e_0_0      |    1 |
| itch_zcu106_system_xbar_0                   |    1 |
| itch_zcu106_system_proc_sys_reset_1_0       |    1 |
| itch_zcu106_system_proc_sys_reset_0_1       |    1 |
| itch_zcu106_system_order_book_top_0_0       |    1 |
| itch_zcu106_system_network_ingress_top_0_0  |    1 |
| itch_zcu106_system_data_handler_0_0         |    1 |
| itch_zcu106_system_clk_wiz_0_0              |    1 |
| itch_zcu106_system_c_counter_binary_0_0     |    1 |
| itch_zcu106_system_axis_clock_converter_1_0 |    1 |
| itch_zcu106_system_axis_clock_converter_0_0 |    1 |
| itch_zcu106_system_axi_gpio_price_0         |    1 |
| itch_zcu106_system_axi_gpio_1_2             |    1 |
| itch_zcu106_system_axi_gpio_1_1             |    1 |
| itch_zcu106_system_axi_gpio_1_0             |    1 |
| itch_zcu106_system_axi_gpio_0_0             |    1 |
| itch_zcu106_system_axi_dma_0_1              |    1 |
| itch_zcu106_system_auto_us_0                |    1 |
| itch_zcu106_system_auto_pc_0                |    1 |
+---------------------------------------------+------+
